Archive member included to satisfy reference by file (symbol)

../Middlewares/ST/STM32_Audio/Addons/PDM/Lib/libPDMFilter_CM4_GCC_wc32.a(pdm_filter.o)
                              ./PDM2PCM/App/pdm2pcm.o (PDM_Filter_Init)
../Middlewares/ST/ARM/DSP/Lib/libarm_cortexM4lf_math.a(arm_rfft_fast_init_f32.o)
                              ./Core/Src/main.o (arm_rfft_fast_init_f32)
../Middlewares/ST/ARM/DSP/Lib/libarm_cortexM4lf_math.a(arm_rfft_fast_f32.o)
                              ./Core/Src/main.o (arm_rfft_fast_f32)
../Middlewares/ST/ARM/DSP/Lib/libarm_cortexM4lf_math.a(arm_cfft_f32.o)
                              ../Middlewares/ST/ARM/DSP/Lib/libarm_cortexM4lf_math.a(arm_rfft_fast_f32.o) (arm_cfft_f32)
../Middlewares/ST/ARM/DSP/Lib/libarm_cortexM4lf_math.a(arm_bitreversal2.o)
                              ../Middlewares/ST/ARM/DSP/Lib/libarm_cortexM4lf_math.a(arm_cfft_f32.o) (arm_bitreversal_32)
../Middlewares/ST/ARM/DSP/Lib/libarm_cortexM4lf_math.a(arm_cmplx_mag_f32.o)
                              ./Core/Src/main.o (arm_cmplx_mag_f32)
../Middlewares/ST/ARM/DSP/Lib/libarm_cortexM4lf_math.a(arm_common_tables.o)
                              ../Middlewares/ST/ARM/DSP/Lib/libarm_cortexM4lf_math.a(arm_rfft_fast_init_f32.o) (twiddleCoef_rfft_4096)
../Middlewares/ST/ARM/DSP/Lib/libarm_cortexM4lf_math.a(arm_cfft_init_f32.o)
                              ../Middlewares/ST/ARM/DSP/Lib/libarm_cortexM4lf_math.a(arm_rfft_fast_init_f32.o) (arm_cfft_init_f32)
../Middlewares/ST/ARM/DSP/Lib/libarm_cortexM4lf_math.a(arm_cfft_radix8_f32.o)
                              ../Middlewares/ST/ARM/DSP/Lib/libarm_cortexM4lf_math.a(arm_cfft_f32.o) (arm_radix8_butterfly_f32)
../Middlewares/ST/ARM/DSP/Lib/libarm_cortexM4lf_math.a(arm_const_structs.o)
                              ../Middlewares/ST/ARM/DSP/Lib/libarm_cortexM4lf_math.a(arm_cfft_init_f32.o) (arm_cfft_sR_f32_len4096)
/opt/st/stm32cubeide_1.18.1/plugins/com.st.stm32cube.ide.mcu.externaltools.gnu-tools-for-stm32.13.3.rel1.linux64_1.0.0.202410170706/tools/bin/../lib/gcc/arm-none-eabi/13.3.1/../../../../arm-none-eabi/lib/thumb/v7e-m+fp/hard/libc_nano.a(libc_a-exit.o)
                              /opt/st/stm32cubeide_1.18.1/plugins/com.st.stm32cube.ide.mcu.externaltools.gnu-tools-for-stm32.13.3.rel1.linux64_1.0.0.202410170706/tools/bin/../lib/gcc/arm-none-eabi/13.3.1/../../../../arm-none-eabi/lib/thumb/v7e-m+fp/hard/crt0.o (exit)
/opt/st/stm32cubeide_1.18.1/plugins/com.st.stm32cube.ide.mcu.externaltools.gnu-tools-for-stm32.13.3.rel1.linux64_1.0.0.202410170706/tools/bin/../lib/gcc/arm-none-eabi/13.3.1/../../../../arm-none-eabi/lib/thumb/v7e-m+fp/hard/libc_nano.a(libc_a-findfp.o)
                              ./Middlewares/Third_Party/FreeRTOS/Source/tasks.o (__sf)
/opt/st/stm32cubeide_1.18.1/plugins/com.st.stm32cube.ide.mcu.externaltools.gnu-tools-for-stm32.13.3.rel1.linux64_1.0.0.202410170706/tools/bin/../lib/gcc/arm-none-eabi/13.3.1/../../../../arm-none-eabi/lib/thumb/v7e-m+fp/hard/libc_nano.a(libc_a-fwalk.o)
                              /opt/st/stm32cubeide_1.18.1/plugins/com.st.stm32cube.ide.mcu.externaltools.gnu-tools-for-stm32.13.3.rel1.linux64_1.0.0.202410170706/tools/bin/../lib/gcc/arm-none-eabi/13.3.1/../../../../arm-none-eabi/lib/thumb/v7e-m+fp/hard/libc_nano.a(libc_a-findfp.o) (_fwalk_sglue)
/opt/st/stm32cubeide_1.18.1/plugins/com.st.stm32cube.ide.mcu.externaltools.gnu-tools-for-stm32.13.3.rel1.linux64_1.0.0.202410170706/tools/bin/../lib/gcc/arm-none-eabi/13.3.1/../../../../arm-none-eabi/lib/thumb/v7e-m+fp/hard/libc_nano.a(libc_a-stdio.o)
                              /opt/st/stm32cubeide_1.18.1/plugins/com.st.stm32cube.ide.mcu.externaltools.gnu-tools-for-stm32.13.3.rel1.linux64_1.0.0.202410170706/tools/bin/../lib/gcc/arm-none-eabi/13.3.1/../../../../arm-none-eabi/lib/thumb/v7e-m+fp/hard/libc_nano.a(libc_a-findfp.o) (__sread)
/opt/st/stm32cubeide_1.18.1/plugins/com.st.stm32cube.ide.mcu.externaltools.gnu-tools-for-stm32.13.3.rel1.linux64_1.0.0.202410170706/tools/bin/../lib/gcc/arm-none-eabi/13.3.1/../../../../arm-none-eabi/lib/thumb/v7e-m+fp/hard/libc_nano.a(libc_a-memset.o)
                              /opt/st/stm32cubeide_1.18.1/plugins/com.st.stm32cube.ide.mcu.externaltools.gnu-tools-for-stm32.13.3.rel1.linux64_1.0.0.202410170706/tools/bin/../lib/gcc/arm-none-eabi/13.3.1/../../../../arm-none-eabi/lib/thumb/v7e-m+fp/hard/crt0.o (memset)
/opt/st/stm32cubeide_1.18.1/plugins/com.st.stm32cube.ide.mcu.externaltools.gnu-tools-for-stm32.13.3.rel1.linux64_1.0.0.202410170706/tools/bin/../lib/gcc/arm-none-eabi/13.3.1/../../../../arm-none-eabi/lib/thumb/v7e-m+fp/hard/libc_nano.a(libc_a-closer.o)
                              /opt/st/stm32cubeide_1.18.1/plugins/com.st.stm32cube.ide.mcu.externaltools.gnu-tools-for-stm32.13.3.rel1.linux64_1.0.0.202410170706/tools/bin/../lib/gcc/arm-none-eabi/13.3.1/../../../../arm-none-eabi/lib/thumb/v7e-m+fp/hard/libc_nano.a(libc_a-stdio.o) (_close_r)
[...]
Memory Configuration

Name             Origin             Length             Attributes
CCMRAM           0x10000000         0x00010000         xrw
RAM              0x20000000         0x00020000         xrw
FLASH            0x08000000         0x00100000         xr
*default*        0x00000000         0xffffffff

Linker script and memory map

LOAD /opt/st/stm32cubeide_1.18.1/plugins/com.st.stm32cube.ide.mcu.externaltools.gnu-tools-for-stm32.13.3.rel1.linux64_1.0.0.202410170706/tools/bin/../lib/gcc/arm-none-eabi/13.3.1/thumb/v7e-m+fp/hard/crti.o
LOAD /opt/st/stm32cubeide_1.18.1/plugins/com.st.stm32cube.ide.mcu.externaltools.gnu-tools-for-stm32.13.3.rel1.linux64_1.0.0.202410170706/tools/bin/../lib/gcc/arm-none-eabi/13.3.1/thumb/v7e-m+fp/hard/crtbegin.o
LOAD /opt/st/stm32cubeide_1.18.1/plugins/com.st.stm32cube.ide.mcu.externaltools.gnu-tools-for-stm32.13.3.rel1.linux64_1.0.0.202410170706/tools/bin/../lib/gcc/arm-none-eabi/13.3.1/../../../../arm-none-eabi/lib/thumb/v7e-m+fp/hard/crt0.o
LOAD ./Core/Src/fonts.o
LOAD ./Core/Src/freertos.o
LOAD ./Core/Src/ili9341.o
LOAD ./Core/Src/main.o
LOAD ./Core/Src/stm32f4xx_hal_msp.o
LOAD ./Core/Src/stm32f4xx_hal_timebase_tim.o
LOAD ./Core/Src/stm32f4xx_it.o
LOAD ./Core/Src/syscalls.o
LOAD ./Core/Src/sysmem.o
LOAD ./Core/Src/system_stm32f4xx.o
LOAD ./Core/Startup/startup_stm32f407vgtx.o
LOAD ./Drivers/STM32F4xx_HAL_Driver/Src/stm32f4xx_hal.o
LOAD ./Drivers/STM32F4xx_HAL_Driver/Src/stm32f4xx_hal_cortex.o
LOAD ./Drivers/STM32F4xx_HAL_Driver/Src/stm32f4xx_hal_crc.o
LOAD ./Drivers/STM32F4xx_HAL_Driver/Src/stm32f4xx_hal_dma.o
LOAD ./Drivers/STM32F4xx_HAL_Driver/Src/stm32f4xx_hal_dma_ex.o
LOAD ./Drivers/STM32F4xx_HAL_Driver/Src/stm32f4xx_hal_exti.o
LOAD ./Drivers/STM32F4xx_HAL_Driver/Src/stm32f4xx_hal_flash.o
LOAD ./Drivers/STM32F4xx_HAL_Driver/Src/stm32f4xx_hal_flash_ex.o
LOAD ./Drivers/STM32F4xx_HAL_Driver/Src/stm32f4xx_hal_flash_ramfunc.o
LOAD ./Drivers/STM32F4xx_HAL_Driver/Src/stm32f4xx_hal_gpio.o
LOAD ./Drivers/STM32F4xx_HAL_Driver/Src/stm32f4xx_hal_i2s.o
LOAD ./Drivers/STM32F4xx_HAL_Driver/Src/stm32f4xx_hal_i2s_ex.o
LOAD ./Drivers/STM32F4xx_HAL_Driver/Src/stm32f4xx_hal_pwr.o
LOAD ./Drivers/STM32F4xx_HAL_Driver/Src/stm32f4xx_hal_pwr_ex.o
LOAD ./Drivers/STM32F4xx_HAL_Driver/Src/stm32f4xx_hal_rcc.o
LOAD ./Drivers/STM32F4xx_HAL_Driver/Src/stm32f4xx_hal_rcc_ex.o
LOAD ./Drivers/STM32F4xx_HAL_Driver/Src/stm32f4xx_hal_spi.o
LOAD ./Drivers/STM32F4xx_HAL_Driver/Src/stm32f4xx_hal_tim.o
LOAD ./Drivers/STM32F4xx_HAL_Driver/Src/stm32f4xx_hal_tim_ex.o
LOAD ./Middlewares/Third_Party/FreeRTOS/Source/CMSIS_RTOS_V2/cmsis_os2.o
LOAD ./Middlewares/Third_Party/FreeRTOS/Source/croutine.o
LOAD ./Middlewares/Third_Party/FreeRTOS/Source/event_groups.o
LOAD ./Middlewares/Third_Party/FreeRTOS/Source/list.o
LOAD ./Middlewares/Third_Party/FreeRTOS/Source/queue.o
LOAD ./Middlewares/Third_Party/FreeRTOS/Source/stream_buffer.o
LOAD ./Middlewares/Third_Party/FreeRTOS/Source/tasks.o
LOAD ./Middlewares/Third_Party/FreeRTOS/Source/timers.o
LOAD ./Middlewares/Third_Party/FreeRTOS/Source/portable/GCC/ARM_CM4F/port.o
LOAD ./Middlewares/Third_Party/FreeRTOS/Source/portable/MemMang/heap_4.o
LOAD ./PDM2PCM/App/pdm2pcm.o
START GROUP
LOAD ../Middlewares/ST/STM32_Audio/Addons/PDM/Lib/libPDMFilter_CM4_GCC_wc32.a
LOAD ../Middlewares/ST/STM32_Audio/Addons/PDM/Lib/libPDMFilter_CM4_IAR_wc32.a
LOAD ../Middlewares/ST/ARM/DSP/Lib/libarm_cortexM4lf_math.a
END GROUP
START GROUP
LOAD /opt/st/stm32cubeide_1.18.1/plugins/com.st.stm32cube.ide.mcu.externaltools.gnu-tools-for-stm32.13.3.rel1.linux64_1.0.0.202410170706/tools/bin/../lib/gcc/arm-none-eabi/13.3.1/../../../../arm-none-eabi/lib/thumb/v7e-m+fp/hard/libc_nano.a
LOAD /opt/st/stm32cubeide_1.18.1/plugins/com.st.stm32cube.ide.mcu.externaltools.gnu-tools-for-stm32.13.3.rel1.linux64_1.0.0.202410170706/tools/bin/../lib/gcc/arm-none-eabi/13.3.1/../../../../arm-none-eabi/lib/thumb/v7e-m+fp/hard/libm.a
END GROUP
START GROUP
LOAD /opt/st/stm32cubeide_1.18.1/plugins/com.st.stm32cube.ide.mcu.externaltools.gnu-tools-for-stm32.13.3.rel1.linux64_1.0.0.202410170706/tools/bin/../lib/gcc/arm-none-eabi/13.3.1/thumb/v7e-m+fp/hard/libgcc.a
LOAD /opt/st/stm32cubeide_1.18.1/plugins/com.st.stm32cube.ide.mcu.externaltools.gnu-tools-for-stm32.13.3.rel1.linux64_1.0.0.202410170706/tools/bin/../lib/gcc/arm-none-eabi/13.3.1/../../../../arm-none-eabi/lib/thumb/v7e-m+fp/hard/libc_nano.a
END GROUP
START GROUP
LOAD /opt/st/stm32cubeide_1.18.1/plugins/com.st.stm32cube.ide.mcu.externaltools.gnu-tools-for-stm32.13.3.rel1.linux64_1.0.0.202410170706/tools/bin/../lib/gcc/arm-none-eabi/13.3.1/thumb/v7e-m+fp/hard/libgcc.a
LOAD /opt/st/stm32cubeide_1.18.1/plugins/com.st.stm32cube.ide.mcu.externaltools.gnu-tools-for-stm32.13.3.rel1.linux64_1.0.0.202410170706/tools/bin/../lib/gcc/arm-none-eabi/13.3.1/../../../../arm-none-eabi/lib/thumb/v7e-m+fp/hard/libc_nano.a
LOAD /opt/st/stm32cubeide_1.18.1/plugins/com.st.stm32cube.ide.mcu.externaltools.gnu-tools-for-stm32.13.3.rel1.linux64_1.0.0.202410170706/tools/bin/../lib/gcc/arm-none-eabi/13.3.1/../../../../arm-none-eabi/lib/thumb/v7e-m+fp/hard/libnosys.a
END GROUP
START GROUP
LOAD /opt/st/stm32cubeide_1.18.1/plugins/com.st.stm32cube.ide.mcu.externaltools.gnu-tools-for-stm32.13.3.rel1.linux64_1.0.0.202410170706/tools/bin/../lib/gcc/arm-none-eabi/13.3.1/thumb/v7e-m+fp/hard/libgcc.a
LOAD /opt/st/stm32cubeide_1.18.1/plugins/com.st.stm32cube.ide.mcu.externaltools.gnu-tools-for-stm32.13.3.rel1.linux64_1.0.0.202410170706/tools/bin/../lib/gcc/arm-none-eabi/13.3.1/../../../../arm-none-eabi/lib/thumb/v7e-m+fp/hard/libc_nano.a
LOAD /opt/st/stm32cubeide_1.18.1/plugins/com.st.stm32cube.ide.mcu.externaltools.gnu-tools-for-stm32.13.3.rel1.linux64_1.0.0.202410170706/tools/bin/../lib/gcc/arm-none-eabi/13.3.1/../../../../arm-none-eabi/lib/thumb/v7e-m+fp/hard/libnosys.a
END GROUP
LOAD /opt/st/stm32cubeide_1.18.1/plugins/com.st.stm32cube.ide.mcu.externaltools.gnu-tools-for-stm32.13.3.rel1.linux64_1.0.0.202410170706/tools/bin/../lib/gcc/arm-none-eabi/13.3.1/thumb/v7e-m+fp/hard/crtend.o
LOAD /opt/st/stm32cubeide_1.18.1/plugins/com.st.stm32cube.ide.mcu.externaltools.gnu-tools-for-stm32.13.3.rel1.linux64_1.0.0.202410170706/tools/bin/../lib/gcc/arm-none-eabi/13.3.1/thumb/v7e-m+fp/hard/crtn.o
                0x20020000                        _estack = (ORIGIN (RAM) + LENGTH (RAM))
                0x00000200                        _Min_Heap_Size = 0x200
                0x00000400                        _Min_Stack_Size = 0x400

.isr_vector     0x08000000      0x188
                0x08000000                        . = ALIGN (0x4)
 *(.isr_vector)
 .isr_vector    0x08000000      0x188 ./Core/Startup/startup_stm32f407vgtx.o
                0x08000000                g_pfnVectors
                0x08000188                        . = ALIGN (0x4)

.text           0x08000190     0xcd50
                0x08000190                        . = ALIGN (0x4)
 *(.text)
 .text          0x08000190       0x40 /opt/st/stm32cubeide_1.18.1/plugins/com.st.stm32cube.ide.mcu.externaltools.gnu-tools-for-stm32.13.3.rel1.linux64_1.0.0.202410170706/tools/bin/../lib/gcc/arm-none-eabi/13.3.1/thumb/v7e-m+fp/hard/crtbegin.o
 .text          0x080001d0      0x378 /opt/st/stm32cubeide_1.18.1/plugins/com.st.stm32cube.ide.mcu.externaltools.gnu-tools-for-stm32.13.3.rel1.linux64_1.0.0.202410170706/tools/bin/../lib/gcc/arm-none-eabi/13.3.1/thumb/v7e-m+fp/hard/libgcc.a(_arm_addsubdf3.o)
                0x080001d0                __aeabi_drsub
                0x080001d8                __aeabi_dsub
                0x080001d8                __subdf3
                0x080001dc                __adddf3
                0x080001dc                __aeabi_dadd
                0x08000454                __aeabi_ui2d
                0x08000454                __floatunsidf
                0x08000474                __floatsidf
                0x08000474                __aeabi_i2d
                0x08000498                __extendsfdf2
                0x08000498                __aeabi_f2d
                0x080004dc                __aeabi_ul2d
                0x080004dc                __floatundidf
                0x080004ec                __floatdidf
                0x080004ec                __aeabi_l2d
 .text          0x08000548      0x110 /opt/st/stm32cubeide_1.18.1/plugins/com.st.stm32cube.ide.mcu.externaltools.gnu-tools-for-stm32.13.3.rel1.linux64_1.0.0.202410170706/tools/bin/../lib/gcc/arm-none-eabi/13.3.1/thumb/v7e-m+fp/hard/libgcc.a(_arm_cmpdf2.o)
                0x08000548                __gtdf2
                0x08000548                __gedf2
                0x08000550                __ltdf2
                0x08000550                __ledf2
                0x08000558                __cmpdf2
                0x08000558                __eqdf2
                0x08000558                __nedf2
                0x080005d4                __aeabi_cdrcmple
                0x080005e4                __aeabi_cdcmple
                0x080005e4                __aeabi_cdcmpeq
                0x080005f4                __aeabi_dcmpeq
                0x08000608                __aeabi_dcmplt
                0x0800061c                __aeabi_dcmple
                0x08000630                __aeabi_dcmpge
                0x08000644                __aeabi_dcmpgt
 .text          0x08000658       0x30 /opt/st/stm32cubeide_1.18.1/plugins/com.st.stm32cube.ide.mcu.externaltools.gnu-tools-for-stm32.13.3.rel1.linux64_1.0.0.202410170706/tools/bin/../lib/gcc/arm-none-eabi/13.3.1/thumb/v7e-m+fp/hard/libgcc.a(_aeabi_uldivmod.o)
                0x08000658                __aeabi_uldivmod
 .text          0x08000688      0x2f8 /opt/st/stm32cubeide_1.18.1/plugins/com.st.stm32cube.ide.mcu.externaltools.gnu-tools-for-stm32.13.3.rel1.linux64_1.0.0.202410170706/tools/bin/../lib/gcc/arm-none-eabi/13.3.1/thumb/v7e-m+fp/hard/libgcc.a(_udivmoddi4.o)
                0x08000688                __udivmoddi4
 .text          0x08000980        0x4 /opt/st/stm32cubeide_1.18.1/plugins/com.st.stm32cube.ide.mcu.externaltools.gnu-tools-for-stm32.13.3.rel1.linux64_1.0.0.202410170706/tools/bin/../lib/gcc/arm-none-eabi/13.3.1/thumb/v7e-m+fp/hard/libgcc.a(_dvmd_tls.o)
                0x08000980                __aeabi_ldiv0
                0x08000980                __aeabi_idiv0
 *(.text*)
 .text.ILI9341_Select
                0x08000984       0x18 ./Core/Src/ili9341.o
 .text.ILI9341_Unselect
                0x0800099c       0x18 ./Core/Src/ili9341.o
                0x0800099c                ILI9341_Unselect
 .text.ILI9341_Reset
                0x080009b4       0x28 ./Core/Src/ili9341.o
 .text.ILI9341_WriteCommand
                0x080009dc       0x34 ./Core/Src/ili9341.o
 .text.ILI9341_WriteData
                0x08000a10       0x5c ./Core/Src/ili9341.o
 .text.ILI9341_SetAddressWindow
                0x08000a6c       0x90 ./Core/Src/ili9341.o
 .text.ILI9341_Init
                0x08000afc      0x25c ./Core/Src/ili9341.o
                0x08000afc                ILI9341_Init
 .text.ILI9341_DrawPixel
                0x08000d58       0x62 ./Core/Src/ili9341.o
                0x08000d58                ILI9341_DrawPixel
 *fill*         0x08000dba        0x2 
 .text.ILI9341_FillRectangle
                0x08000dbc       0xdc ./Core/Src/ili9341.o
                0x08000dbc                ILI9341_FillRectangle
 .text.ILI9341_FillScreen
                0x08000e98       0x24 ./Core/Src/ili9341.o
                0x08000e98                ILI9341_FillScreen
 .text.main     0x08000ebc      0x11c ./Core/Src/main.o
                0x08000ebc                main
 .text.SystemClock_Config
                0x08000fd8       0xd4 ./Core/Src/main.o
                0x08000fd8                SystemClock_Config
 .text.MX_CRC_Init
                0x080010ac       0x38 ./Core/Src/main.o
 .text.MX_I2S2_Init
                0x080010e4       0x5c ./Core/Src/main.o
 .text.MX_SPI1_Init
                0x08001140       0x6c ./Core/Src/main.o
 .text.MX_DMA_Init
                0x080011ac       0x40 ./Core/Src/main.o
 .text.MX_GPIO_Init
                0x080011ec      0x168 ./Core/Src/main.o
 .text.HAL_I2S_RxHalfCpltCallback
                0x08001354       0x30 ./Core/Src/main.o
                0x08001354                HAL_I2S_RxHalfCpltCallback
 .text.HAL_I2S_RxCpltCallback
                0x08001384       0x30 ./Core/Src/main.o
                0x08001384                HAL_I2S_RxCpltCallback
 .text.init_hann_window
                0x080013b4       0x70 ./Core/Src/main.o
                0x080013b4                init_hann_window
 .text.pdm_to_pcm
                0x08001424       0x74 ./Core/Src/main.o
                0x08001424                pdm_to_pcm
 .text.normalize_buff
                0x08001498       0xbc ./Core/Src/main.o
                0x08001498                normalize_buff
 .text.apply_hann_window
                0x08001554       0x56 ./Core/Src/main.o
                0x08001554                apply_hann_window
 *fill*         0x080015aa        0x2 
 .text.fft_compute
                0x080015ac       0x34 ./Core/Src/main.o
                0x080015ac                fft_compute
 .text.AudioCaptureTask
                0x080015e0       0xc0 ./Core/Src/main.o
                0x080015e0                AudioCaptureTask
 .text.FFTProcessingTask
                0x080016a0       0x8c ./Core/Src/main.o
                0x080016a0                FFTProcessingTask
 .text.DisplayOutputTask
                0x0800172c       0xf4 ./Core/Src/main.o
                0x0800172c                DisplayOutputTask
 .text.HAL_TIM_PeriodElapsedCallback
                0x08001820       0x24 ./Core/Src/main.o
                0x08001820                HAL_TIM_PeriodElapsedCallback
 .text.Error_Handler
                0x08001844        0xc ./Core/Src/main.o
                0x08001844                Error_Handler
 .text.HAL_MspInit
                0x08001850       0x58 ./Core/Src/stm32f4xx_hal_msp.o
                0x08001850                HAL_MspInit
 .text.HAL_CRC_MspInit
                0x080018a8       0x44 ./Core/Src/stm32f4xx_hal_msp.o
                0x080018a8                HAL_CRC_MspInit
 .text.HAL_I2S_MspInit
                0x080018ec      0x16c ./Core/Src/stm32f4xx_hal_msp.o
                0x080018ec                HAL_I2S_MspInit
 .text.HAL_SPI_MspInit
                0x08001a58       0x90 ./Core/Src/stm32f4xx_hal_msp.o
                0x08001a58                HAL_SPI_MspInit
 .text.HAL_InitTick
                0x08001ae8       0xf8 ./Core/Src/stm32f4xx_hal_timebase_tim.o
                0x08001ae8                HAL_InitTick
 .text.NMI_Handler
                0x08001be0        0x8 ./Core/Src/stm32f4xx_it.o
                0x08001be0                NMI_Handler
 .text.HardFault_Handler
                0x08001be8        0x8 ./Core/Src/stm32f4xx_it.o
                0x08001be8                HardFault_Handler
 .text.MemManage_Handler
                0x08001bf0        0x8 ./Core/Src/stm32f4xx_it.o
                0x08001bf0                MemManage_Handler
 .text.BusFault_Handler
                0x08001bf8        0x8 ./Core/Src/stm32f4xx_it.o
                0x08001bf8                BusFault_Handler
 .text.UsageFault_Handler
                0x08001c00        0x8 ./Core/Src/stm32f4xx_it.o
                0x08001c00                UsageFault_Handler
 .text.DebugMon_Handler
                0x08001c08        0xe ./Core/Src/stm32f4xx_it.o
                0x08001c08                DebugMon_Handler
 *fill*         0x08001c16        0x2 
 .text.DMA1_Stream3_IRQHandler
                0x08001c18       0x14 ./Core/Src/stm32f4xx_it.o
                0x08001c18                DMA1_Stream3_IRQHandler
 .text.TIM5_IRQHandler
                0x08001c2c       0x14 ./Core/Src/stm32f4xx_it.o
                0x08001c2c                TIM5_IRQHandler
 .text.SystemInit
                0x08001c40       0x24 ./Core/Src/system_stm32f4xx.o
                0x08001c40                SystemInit
 .text.Reset_Handler
                0x08001c64       0x50 ./Core/Startup/startup_stm32f407vgtx.o
                0x08001c64                Reset_Handler
 .text.Default_Handler
                0x08001cb4        0x2 ./Core/Startup/startup_stm32f407vgtx.o
                0x08001cb4                RTC_Alarm_IRQHandler
                0x08001cb4                HASH_RNG_IRQHandler
                0x08001cb4                EXTI2_IRQHandler
                0x08001cb4                TIM8_CC_IRQHandler
                0x08001cb4                TIM1_CC_IRQHandler
                0x08001cb4                DMA2_Stream5_IRQHandler
                0x08001cb4                DMA1_Stream5_IRQHandler
                0x08001cb4                PVD_IRQHandler
                0x08001cb4                SDIO_IRQHandler
                0x08001cb4                TAMP_STAMP_IRQHandler
                0x08001cb4                CAN2_RX1_IRQHandler
                0x08001cb4                EXTI3_IRQHandler
                0x08001cb4                TIM8_TRG_COM_TIM14_IRQHandler
                0x08001cb4                TIM1_UP_TIM10_IRQHandler
                0x08001cb4                TIM8_UP_TIM13_IRQHandler
                0x08001cb4                I2C3_ER_IRQHandler
                0x08001cb4                EXTI0_IRQHandler
                0x08001cb4                I2C2_EV_IRQHandler
                0x08001cb4                DMA1_Stream2_IRQHandler
                0x08001cb4                CAN1_RX0_IRQHandler
                0x08001cb4                FPU_IRQHandler
                0x08001cb4                OTG_HS_WKUP_IRQHandler
                0x08001cb4                CAN2_SCE_IRQHandler
                0x08001cb4                DMA2_Stream2_IRQHandler
                0x08001cb4                SPI1_IRQHandler
                0x08001cb4                TIM6_DAC_IRQHandler
                0x08001cb4                TIM1_BRK_TIM9_IRQHandler
                0x08001cb4                DCMI_IRQHandler
                0x08001cb4                CAN2_RX0_IRQHandler
                0x08001cb4                DMA2_Stream3_IRQHandler
                0x08001cb4                USART6_IRQHandler
                0x08001cb4                USART3_IRQHandler
                0x08001cb4                CAN1_RX1_IRQHandler
                0x08001cb4                UART5_IRQHandler
                0x08001cb4                DMA2_Stream0_IRQHandler
                0x08001cb4                TIM4_IRQHandler
                0x08001cb4                I2C1_EV_IRQHandler
                0x08001cb4                DMA1_Stream6_IRQHandler
                0x08001cb4                DMA1_Stream1_IRQHandler
                0x08001cb4                UART4_IRQHandler
                0x08001cb4                TIM3_IRQHandler
                0x08001cb4                RCC_IRQHandler
                0x08001cb4                TIM8_BRK_TIM12_IRQHandler
                0x08001cb4                Default_Handler
                0x08001cb4                EXTI15_10_IRQHandler
                0x08001cb4                ADC_IRQHandler
                0x08001cb4                DMA1_Stream7_IRQHandler
                0x08001cb4                TIM7_IRQHandler
                0x08001cb4                CAN2_TX_IRQHandler
                0x08001cb4                DMA2_Stream7_IRQHandler
                0x08001cb4                I2C3_EV_IRQHandler
                0x08001cb4                EXTI9_5_IRQHandler
                0x08001cb4                RTC_WKUP_IRQHandler
                0x08001cb4                ETH_WKUP_IRQHandler
                0x08001cb4                SPI2_IRQHandler
                0x08001cb4                OTG_HS_EP1_IN_IRQHandler
                0x08001cb4                DMA1_Stream0_IRQHandler
                0x08001cb4                CAN1_TX_IRQHandler
                0x08001cb4                EXTI4_IRQHandler
                0x08001cb4                FSMC_IRQHandler
                0x08001cb4                ETH_IRQHandler
                0x08001cb4                OTG_HS_EP1_OUT_IRQHandler
                0x08001cb4                WWDG_IRQHandler
                0x08001cb4                TIM2_IRQHandler
                0x08001cb4                OTG_FS_WKUP_IRQHandler
                0x08001cb4                TIM1_TRG_COM_TIM11_IRQHandler
                0x08001cb4                OTG_HS_IRQHandler
                0x08001cb4                EXTI1_IRQHandler
                0x08001cb4                USART2_IRQHandler
                0x08001cb4                I2C2_ER_IRQHandler
                0x08001cb4                DMA2_Stream1_IRQHandler
                0x08001cb4                CAN1_SCE_IRQHandler
                0x08001cb4                FLASH_IRQHandler
                0x08001cb4                DMA2_Stream4_IRQHandler
                0x08001cb4                USART1_IRQHandler
                0x08001cb4                OTG_FS_IRQHandler
                0x08001cb4                SPI3_IRQHandler
                0x08001cb4                DMA1_Stream4_IRQHandler
                0x08001cb4                I2C1_ER_IRQHandler
                0x08001cb4                DMA2_Stream6_IRQHandler
 *fill*         0x08001cb6        0x2 
 .text.HAL_Init
                0x08001cb8       0x44 ./Drivers/STM32F4xx_HAL_Driver/Src/stm32f4xx_hal.o
                0x08001cb8                HAL_Init
 .text.HAL_IncTick
                0x08001cfc       0x28 ./Drivers/STM32F4xx_HAL_Driver/Src/stm32f4xx_hal.o
                0x08001cfc                HAL_IncTick
 .text.HAL_GetTick
                0x08001d24       0x18 ./Drivers/STM32F4xx_HAL_Driver/Src/stm32f4xx_hal.o
                0x08001d24                HAL_GetTick
 .text.HAL_Delay
                0x08001d3c       0x48 ./Drivers/STM32F4xx_HAL_Driver/Src/stm32f4xx_hal.o
                0x08001d3c                HAL_Delay
 .text.__NVIC_SetPriorityGrouping
                0x08001d84       0x48 ./Drivers/STM32F4xx_HAL_Driver/Src/stm32f4xx_hal_cortex.o
 .text.__NVIC_GetPriorityGrouping
                0x08001dcc       0x1c ./Drivers/STM32F4xx_HAL_Driver/Src/stm32f4xx_hal_cortex.o
 .text.__NVIC_EnableIRQ
                0x08001de8       0x3c ./Drivers/STM32F4xx_HAL_Driver/Src/stm32f4xx_hal_cortex.o
 .text.__NVIC_SetPriority
                0x08001e24       0x54 ./Drivers/STM32F4xx_HAL_Driver/Src/stm32f4xx_hal_cortex.o
 .text.NVIC_EncodePriority
                0x08001e78       0x66 ./Drivers/STM32F4xx_HAL_Driver/Src/stm32f4xx_hal_cortex.o
 .text.HAL_NVIC_SetPriorityGrouping
                0x08001ede       0x16 ./Drivers/STM32F4xx_HAL_Driver/Src/stm32f4xx_hal_cortex.o
                0x08001ede                HAL_NVIC_SetPriorityGrouping
 .text.HAL_NVIC_SetPriority
                0x08001ef4       0x38 ./Drivers/STM32F4xx_HAL_Driver/Src/stm32f4xx_hal_cortex.o
                0x08001ef4                HAL_NVIC_SetPriority
 .text.HAL_NVIC_EnableIRQ
                0x08001f2c       0x1c ./Drivers/STM32F4xx_HAL_Driver/Src/stm32f4xx_hal_cortex.o
                0x08001f2c                HAL_NVIC_EnableIRQ
 .text.HAL_CRC_Init
                0x08001f48       0x38 ./Drivers/STM32F4xx_HAL_Driver/Src/stm32f4xx_hal_crc.o
                0x08001f48                HAL_CRC_Init
 .text.HAL_DMA_Init
                0x08001f80      0x15c ./Drivers/STM32F4xx_HAL_Driver/Src/stm32f4xx_hal_dma.o
                0x08001f80                HAL_DMA_Init
 .text.HAL_DMA_Start_IT
                0x080020dc       0xb0 ./Drivers/STM32F4xx_HAL_Driver/Src/stm32f4xx_hal_dma.o
                0x080020dc                HAL_DMA_Start_IT
 .text.HAL_DMA_IRQHandler
                0x0800218c      0x314 ./Drivers/STM32F4xx_HAL_Driver/Src/stm32f4xx_hal_dma.o
                0x0800218c                HAL_DMA_IRQHandler
 .text.DMA_SetConfig
                0x080024a0       0x5c ./Drivers/STM32F4xx_HAL_Driver/Src/stm32f4xx_hal_dma.o
 .text.DMA_CalcBaseAndBitshift
                0x080024fc       0x6c ./Drivers/STM32F4xx_HAL_Driver/Src/stm32f4xx_hal_dma.o
 .text.DMA_CheckFifoParam
                0x08002568       0xf8 ./Drivers/STM32F4xx_HAL_Driver/Src/stm32f4xx_hal_dma.o
 .text.HAL_GPIO_Init
                0x08002660      0x338 ./Drivers/STM32F4xx_HAL_Driver/Src/stm32f4xx_hal_gpio.o
                0x08002660                HAL_GPIO_Init
 .text.HAL_GPIO_WritePin
                0x08002998       0x32 ./Drivers/STM32F4xx_HAL_Driver/Src/stm32f4xx_hal_gpio.o
                0x08002998                HAL_GPIO_WritePin
 *fill*         0x080029ca        0x2 
 .text.HAL_I2S_Init
                0x080029cc      0x280 ./Drivers/STM32F4xx_HAL_Driver/Src/stm32f4xx_hal_i2s.o
                0x080029cc                HAL_I2S_Init
 .text.HAL_I2S_Receive_DMA
                0x08002c4c      0x170 ./Drivers/STM32F4xx_HAL_Driver/Src/stm32f4xx_hal_i2s.o
                0x08002c4c                HAL_I2S_Receive_DMA
 .text.HAL_I2S_TxCpltCallback
                0x08002dbc       0x14 ./Drivers/STM32F4xx_HAL_Driver/Src/stm32f4xx_hal_i2s.o
                0x08002dbc                HAL_I2S_TxCpltCallback
 .text.HAL_I2S_ErrorCallback
                0x08002dd0       0x14 ./Drivers/STM32F4xx_HAL_Driver/Src/stm32f4xx_hal_i2s.o
                0x08002dd0                HAL_I2S_ErrorCallback
 .text.I2S_DMARxCplt
                0x08002de4       0x42 ./Drivers/STM32F4xx_HAL_Driver/Src/stm32f4xx_hal_i2s.o
 .text.I2S_DMARxHalfCplt
                0x08002e26       0x1c ./Drivers/STM32F4xx_HAL_Driver/Src/stm32f4xx_hal_i2s.o
 .text.I2S_DMAError
                0x08002e42       0x4c ./Drivers/STM32F4xx_HAL_Driver/Src/stm32f4xx_hal_i2s.o
 .text.I2S_Transmit_IT
                0x08002e8e       0x5c ./Drivers/STM32F4xx_HAL_Driver/Src/stm32f4xx_hal_i2s.o
 .text.I2S_Receive_IT
                0x08002eea       0x5e ./Drivers/STM32F4xx_HAL_Driver/Src/stm32f4xx_hal_i2s.o
 .text.I2S_IRQHandler
                0x08002f48      0x114 ./Drivers/STM32F4xx_HAL_Driver/Src/stm32f4xx_hal_i2s.o
 .text.HAL_I2SEx_FullDuplex_IRQHandler
                0x0800305c      0x2a8 ./Drivers/STM32F4xx_HAL_Driver/Src/stm32f4xx_hal_i2s_ex.o
                0x0800305c                HAL_I2SEx_FullDuplex_IRQHandler
 .text.HAL_I2SEx_TxRxCpltCallback
                0x08003304       0x14 ./Drivers/STM32F4xx_HAL_Driver/Src/stm32f4xx_hal_i2s_ex.o
                0x08003304                HAL_I2SEx_TxRxCpltCallback
 .text.I2SEx_TxISR_I2S
                0x08003318       0x62 ./Drivers/STM32F4xx_HAL_Driver/Src/stm32f4xx_hal_i2s_ex.o
 *fill*         0x0800337a        0x2 
 .text.I2SEx_TxISR_I2SExt
                0x0800337c       0x98 ./Drivers/STM32F4xx_HAL_Driver/Src/stm32f4xx_hal_i2s_ex.o
 .text.I2SEx_RxISR_I2S
                0x08003414       0x64 ./Drivers/STM32F4xx_HAL_Driver/Src/stm32f4xx_hal_i2s_ex.o
 .text.I2SEx_RxISR_I2SExt
                0x08003478       0x98 ./Drivers/STM32F4xx_HAL_Driver/Src/stm32f4xx_hal_i2s_ex.o
 .text.HAL_RCC_OscConfig
                0x08003510      0x4f0 ./Drivers/STM32F4xx_HAL_Driver/Src/stm32f4xx_hal_rcc.o
                0x08003510                HAL_RCC_OscConfig
 .text.HAL_RCC_ClockConfig
                0x08003a00      0x1cc ./Drivers/STM32F4xx_HAL_Driver/Src/stm32f4xx_hal_rcc.o
                0x08003a00                HAL_RCC_ClockConfig
 .text.HAL_RCC_GetSysClockFreq
                0x08003bcc      0x20c ./Drivers/STM32F4xx_HAL_Driver/Src/stm32f4xx_hal_rcc.o
                0x08003bcc                HAL_RCC_GetSysClockFreq
 .text.HAL_RCC_GetHCLKFreq
                0x08003dd8       0x18 ./Drivers/STM32F4xx_HAL_Driver/Src/stm32f4xx_hal_rcc.o
                0x08003dd8                HAL_RCC_GetHCLKFreq
 .text.HAL_RCC_GetPCLK1Freq
                0x08003df0       0x28 ./Drivers/STM32F4xx_HAL_Driver/Src/stm32f4xx_hal_rcc.o
                0x08003df0                HAL_RCC_GetPCLK1Freq
 .text.HAL_RCC_GetClockConfig
                0x08003e18       0x64 ./Drivers/STM32F4xx_HAL_Driver/Src/stm32f4xx_hal_rcc.o
                0x08003e18                HAL_RCC_GetClockConfig
 .text.HAL_RCCEx_PeriphCLKConfig
                0x08003e7c      0x1c4 ./Drivers/STM32F4xx_HAL_Driver/Src/stm32f4xx_hal_rcc_ex.o
                0x08003e7c                HAL_RCCEx_PeriphCLKConfig
 .text.HAL_RCCEx_GetPeriphCLKFreq
                0x08004040       0xc0 ./Drivers/STM32F4xx_HAL_Driver/Src/stm32f4xx_hal_rcc_ex.o
                0x08004040                HAL_RCCEx_GetPeriphCLKFreq
 .text.HAL_SPI_Init
                0x08004100      0x112 ./Drivers/STM32F4xx_HAL_Driver/Src/stm32f4xx_hal_spi.o
                0x08004100                HAL_SPI_Init
 .text.HAL_SPI_Transmit
                0x08004212      0x288 ./Drivers/STM32F4xx_HAL_Driver/Src/stm32f4xx_hal_spi.o
                0x08004212                HAL_SPI_Transmit
 *fill*         0x0800449a        0x2 
 .text.SPI_WaitFlagStateUntilTimeout
                0x0800449c      0x110 ./Drivers/STM32F4xx_HAL_Driver/Src/stm32f4xx_hal_spi.o
 .text.SPI_EndRxTxTransaction
                0x080045ac       0xa8 ./Drivers/STM32F4xx_HAL_Driver/Src/stm32f4xx_hal_spi.o
 .text.HAL_TIM_Base_Init
                0x08004654       0x9e ./Drivers/STM32F4xx_HAL_Driver/Src/stm32f4xx_hal_tim.o
                0x08004654                HAL_TIM_Base_Init
 .text.HAL_TIM_Base_MspInit
                0x080046f2       0x14 ./Drivers/STM32F4xx_HAL_Driver/Src/stm32f4xx_hal_tim.o
                0x080046f2                HAL_TIM_Base_MspInit
 *fill*         0x08004706        0x2 
 .text.HAL_TIM_Base_Start_IT
                0x08004708       0xe0 ./Drivers/STM32F4xx_HAL_Driver/Src/stm32f4xx_hal_tim.o
                0x08004708                HAL_TIM_Base_Start_IT
 .text.HAL_TIM_IRQHandler
                0x080047e8      0x1e0 ./Drivers/STM32F4xx_HAL_Driver/Src/stm32f4xx_hal_tim.o
                0x080047e8                HAL_TIM_IRQHandler
 .text.HAL_TIM_OC_DelayElapsedCallback
                0x080049c8       0x14 ./Drivers/STM32F4xx_HAL_Driver/Src/stm32f4xx_hal_tim.o
                0x080049c8                HAL_TIM_OC_DelayElapsedCallback
 .text.HAL_TIM_IC_CaptureCallback
                0x080049dc       0x14 ./Drivers/STM32F4xx_HAL_Driver/Src/stm32f4xx_hal_tim.o
                0x080049dc                HAL_TIM_IC_CaptureCallback
 .text.HAL_TIM_PWM_PulseFinishedCallback
                0x080049f0       0x14 ./Drivers/STM32F4xx_HAL_Driver/Src/stm32f4xx_hal_tim.o
                0x080049f0                HAL_TIM_PWM_PulseFinishedCallback
 .text.HAL_TIM_TriggerCallback
                0x08004a04       0x14 ./Drivers/STM32F4xx_HAL_Driver/Src/stm32f4xx_hal_tim.o
                0x08004a04                HAL_TIM_TriggerCallback
 .text.TIM_Base_SetConfig
                0x08004a18      0x14c ./Drivers/STM32F4xx_HAL_Driver/Src/stm32f4xx_hal_tim.o
                0x08004a18                TIM_Base_SetConfig
 .text.HAL_TIMEx_CommutCallback
                0x08004b64       0x14 ./Drivers/STM32F4xx_HAL_Driver/Src/stm32f4xx_hal_tim_ex.o
                0x08004b64                HAL_TIMEx_CommutCallback
 .text.HAL_TIMEx_BreakCallback
                0x08004b78       0x14 ./Drivers/STM32F4xx_HAL_Driver/Src/stm32f4xx_hal_tim_ex.o
                0x08004b78                HAL_TIMEx_BreakCallback
 .text.__NVIC_SetPriority
                0x08004b8c       0x54 ./Middlewares/Third_Party/FreeRTOS/Source/CMSIS_RTOS_V2/cmsis_os2.o
 .text.SysTick_Handler
                0x08004be0       0x20 ./Middlewares/Third_Party/FreeRTOS/Source/CMSIS_RTOS_V2/cmsis_os2.o
                0x08004be0                SysTick_Handler
 .text.SVC_Setup
                0x08004c00       0x12 ./Middlewares/Third_Party/FreeRTOS/Source/CMSIS_RTOS_V2/cmsis_os2.o
 *fill*         0x08004c12        0x2 
 .text.osKernelInitialize
                0x08004c14       0x48 ./Middlewares/Third_Party/FreeRTOS/Source/CMSIS_RTOS_V2/cmsis_os2.o
                0x08004c14                osKernelInitialize
 .text.osKernelStart
                0x08004c5c       0x4c ./Middlewares/Third_Party/FreeRTOS/Source/CMSIS_RTOS_V2/cmsis_os2.o
                0x08004c5c                osKernelStart
 .text.osThreadNew
                0x08004ca8      0x124 ./Middlewares/Third_Party/FreeRTOS/Source/CMSIS_RTOS_V2/cmsis_os2.o
                0x08004ca8                osThreadNew
 .text.osEventFlagsNew
                0x08004dcc       0x7e ./Middlewares/Third_Party/FreeRTOS/Source/CMSIS_RTOS_V2/cmsis_os2.o
                0x08004dcc                osEventFlagsNew
 *fill*         0x08004e4a        0x2 
 .text.osEventFlagsSet
                0x08004e4c       0x84 ./Middlewares/Third_Party/FreeRTOS/Source/CMSIS_RTOS_V2/cmsis_os2.o
                0x08004e4c                osEventFlagsSet
 .text.osEventFlagsWait
                0x08004ed0       0xca ./Middlewares/Third_Party/FreeRTOS/Source/CMSIS_RTOS_V2/cmsis_os2.o
                0x08004ed0                osEventFlagsWait
 .text.osMutexNew
                0x08004f9a      0x10c ./Middlewares/Third_Party/FreeRTOS/Source/CMSIS_RTOS_V2/cmsis_os2.o
                0x08004f9a                osMutexNew
 .text.osMutexAcquire
                0x080050a6       0x96 ./Middlewares/Third_Party/FreeRTOS/Source/CMSIS_RTOS_V2/cmsis_os2.o
                0x080050a6                osMutexAcquire
 .text.osMutexRelease
                0x0800513c       0x7a ./Middlewares/Third_Party/FreeRTOS/Source/CMSIS_RTOS_V2/cmsis_os2.o
                0x0800513c                osMutexRelease
 *fill*         0x080051b6        0x2 
 .text.vApplicationGetIdleTaskMemory
                0x080051b8       0x34 ./Middlewares/Third_Party/FreeRTOS/Source/CMSIS_RTOS_V2/cmsis_os2.o
                0x080051b8                vApplicationGetIdleTaskMemory
 .text.vApplicationGetTimerTaskMemory
                0x080051ec       0x34 ./Middlewares/Third_Party/FreeRTOS/Source/CMSIS_RTOS_V2/cmsis_os2.o
                0x080051ec                vApplicationGetTimerTaskMemory
 .text.xEventGroupCreateStatic
                0x08005220       0x72 ./Middlewares/Third_Party/FreeRTOS/Source/event_groups.o
                0x08005220                xEventGroupCreateStatic
 .text.xEventGroupCreate
                0x08005292       0x34 ./Middlewares/Third_Party/FreeRTOS/Source/event_groups.o
                0x08005292                xEventGroupCreate
 *fill*         0x080052c6        0x2 
 .text.xEventGroupWaitBits
                0x080052c8      0x1a4 ./Middlewares/Third_Party/FreeRTOS/Source/event_groups.o
                0x080052c8                xEventGroupWaitBits
 .text.xEventGroupSetBits
                0x0800546c      0x118 ./Middlewares/Third_Party/FreeRTOS/Source/event_groups.o
                0x0800546c                xEventGroupSetBits
 .text.vEventGroupSetBitsCallback
                0x08005584       0x1a ./Middlewares/Third_Party/FreeRTOS/Source/event_groups.o
                0x08005584                vEventGroupSetBitsCallback
 .text.prvTestWaitCondition
                0x0800559e       0x44 ./Middlewares/Third_Party/FreeRTOS/Source/event_groups.o
 *fill*         0x080055e2        0x2 
 .text.xEventGroupSetBitsFromISR
                0x080055e4       0x28 ./Middlewares/Third_Party/FreeRTOS/Source/event_groups.o
                0x080055e4                xEventGroupSetBitsFromISR
 .text.vListInitialise
                0x0800560c       0x40 ./Middlewares/Third_Party/FreeRTOS/Source/list.o
                0x0800560c                vListInitialise
 .text.vListInitialiseItem
                0x0800564c       0x1a ./Middlewares/Third_Party/FreeRTOS/Source/list.o
                0x0800564c                vListInitialiseItem
 .text.vListInsertEnd
                0x08005666       0x48 ./Middlewares/Third_Party/FreeRTOS/Source/list.o
                0x08005666                vListInsertEnd
 .text.vListInsert
                0x080056ae       0x72 ./Middlewares/Third_Party/FreeRTOS/Source/list.o
                0x080056ae                vListInsert
 .text.uxListRemove
                0x08005720       0x54 ./Middlewares/Third_Party/FreeRTOS/Source/list.o
                0x08005720                uxListRemove
 .text.xQueueGenericReset
                0x08005774       0xd4 ./Middlewares/Third_Party/FreeRTOS/Source/queue.o
                0x08005774                xQueueGenericReset
 .text.xQueueGenericCreateStatic
                0x08005848       0xfa ./Middlewares/Third_Party/FreeRTOS/Source/queue.o
                0x08005848                xQueueGenericCreateStatic
 .text.xQueueGenericCreate
                0x08005942       0x76 ./Middlewares/Third_Party/FreeRTOS/Source/queue.o
                0x08005942                xQueueGenericCreate
 .text.prvInitialiseNewQueue
                0x080059b8       0x46 ./Middlewares/Third_Party/FreeRTOS/Source/queue.o
 .text.prvInitialiseMutex
                0x080059fe       0x34 ./Middlewares/Third_Party/FreeRTOS/Source/queue.o
 .text.xQueueCreateMutex
                0x08005a32       0x30 ./Middlewares/Third_Party/FreeRTOS/Source/queue.o
                0x08005a32                xQueueCreateMutex
 .text.xQueueCreateMutexStatic
                0x08005a62       0x36 ./Middlewares/Third_Party/FreeRTOS/Source/queue.o
                0x08005a62                xQueueCreateMutexStatic
 .text.xQueueGiveMutexRecursive
                0x08005a98       0x6a ./Middlewares/Third_Party/FreeRTOS/Source/queue.o
                0x08005a98                xQueueGiveMutexRecursive
 .text.xQueueTakeMutexRecursive
                0x08005b02       0x6e ./Middlewares/Third_Party/FreeRTOS/Source/queue.o
                0x08005b02                xQueueTakeMutexRecursive
 .text.xQueueGenericSend
                0x08005b70      0x204 ./Middlewares/Third_Party/FreeRTOS/Source/queue.o
                0x08005b70                xQueueGenericSend
 .text.xQueueGenericSendFromISR
                0x08005d74      0x13c ./Middlewares/Third_Party/FreeRTOS/Source/queue.o
                0x08005d74                xQueueGenericSendFromISR
 .text.xQueueReceive
                0x08005eb0      0x1c4 ./Middlewares/Third_Party/FreeRTOS/Source/queue.o
                0x08005eb0                xQueueReceive
 .text.xQueueSemaphoreTake
                0x08006074      0x220 ./Middlewares/Third_Party/FreeRTOS/Source/queue.o
                0x08006074                xQueueSemaphoreTake
 .text.prvGetDisinheritPriorityAfterTimeout
                0x08006294       0x30 ./Middlewares/Third_Party/FreeRTOS/Source/queue.o
 .text.prvCopyDataToQueue
                0x080062c4       0xd4 ./Middlewares/Third_Party/FreeRTOS/Source/queue.o
 .text.prvCopyDataFromQueue
                0x08006398       0x4c ./Middlewares/Third_Party/FreeRTOS/Source/queue.o
 .text.prvUnlockQueue
                0x080063e4       0xa4 ./Middlewares/Third_Party/FreeRTOS/Source/queue.o
 .text.prvIsQueueEmpty
                0x08006488       0x2c ./Middlewares/Third_Party/FreeRTOS/Source/queue.o
 .text.prvIsQueueFull
                0x080064b4       0x30 ./Middlewares/Third_Party/FreeRTOS/Source/queue.o
 .text.vQueueAddToRegistry
                0x080064e4       0x54 ./Middlewares/Third_Party/FreeRTOS/Source/queue.o
                0x080064e4                vQueueAddToRegistry
 .text.vQueueWaitForMessageRestricted
                0x08006538       0x68 ./Middlewares/Third_Party/FreeRTOS/Source/queue.o
                0x08006538                vQueueWaitForMessageRestricted
 .text.xTaskCreateStatic
                0x080065a0       0xc0 ./Middlewares/Third_Party/FreeRTOS/Source/tasks.o
                0x080065a0                xTaskCreateStatic
 .text.xTaskCreate
                0x08006660       0x8a ./Middlewares/Third_Party/FreeRTOS/Source/tasks.o
                0x08006660                xTaskCreate
 *fill*         0x080066ea        0x2 
 .text.prvInitialiseNewTask
                0x080066ec      0x150 ./Middlewares/Third_Party/FreeRTOS/Source/tasks.o
 .text.prvAddNewTaskToReadyList
                0x0800683c       0xe0 ./Middlewares/Third_Party/FreeRTOS/Source/tasks.o
 .text.vTaskStartScheduler
                0x0800691c       0xe0 ./Middlewares/Third_Party/FreeRTOS/Source/tasks.o
                0x0800691c                vTaskStartScheduler
 .text.vTaskSuspendAll
                0x080069fc       0x1c ./Middlewares/Third_Party/FreeRTOS/Source/tasks.o
                0x080069fc                vTaskSuspendAll
 .text.xTaskResumeAll
                0x08006a18      0x13c ./Middlewares/Third_Party/FreeRTOS/Source/tasks.o
                0x08006a18                xTaskResumeAll
 .text.xTaskGetTickCount
                0x08006b54       0x20 ./Middlewares/Third_Party/FreeRTOS/Source/tasks.o
                0x08006b54                xTaskGetTickCount
 .text.xTaskIncrementTick
                0x08006b74      0x174 ./Middlewares/Third_Party/FreeRTOS/Source/tasks.o
                0x08006b74                xTaskIncrementTick
 .text.vTaskSwitchContext
                0x08006ce8       0xcc ./Middlewares/Third_Party/FreeRTOS/Source/tasks.o
                0x08006ce8                vTaskSwitchContext
 .text.vTaskPlaceOnEventList
                0x08006db4       0x4c ./Middlewares/Third_Party/FreeRTOS/Source/tasks.o
                0x08006db4                vTaskPlaceOnEventList
 .text.vTaskPlaceOnUnorderedEventList
                0x08006e00       0x7c ./Middlewares/Third_Party/FreeRTOS/Source/tasks.o
                0x08006e00                vTaskPlaceOnUnorderedEventList
 .text.vTaskPlaceOnEventListRestricted
                0x08006e7c       0x58 ./Middlewares/Third_Party/FreeRTOS/Source/tasks.o
                0x08006e7c                vTaskPlaceOnEventListRestricted
 .text.xTaskRemoveFromEventList
                0x08006ed4       0xc8 ./Middlewares/Third_Party/FreeRTOS/Source/tasks.o
                0x08006ed4                xTaskRemoveFromEventList
 .text.vTaskRemoveFromUnorderedEventList
                0x08006f9c       0xc8 ./Middlewares/Third_Party/FreeRTOS/Source/tasks.o
                0x08006f9c                vTaskRemoveFromUnorderedEventList
 .text.vTaskInternalSetTimeOutState
                0x08007064       0x2c ./Middlewares/Third_Party/FreeRTOS/Source/tasks.o
                0x08007064                vTaskInternalSetTimeOutState
 .text.xTaskCheckForTimeOut
                0x08007090       0xc8 ./Middlewares/Third_Party/FreeRTOS/Source/tasks.o
                0x08007090                xTaskCheckForTimeOut
 .text.vTaskMissedYield
                0x08007158       0x18 ./Middlewares/Third_Party/FreeRTOS/Source/tasks.o
                0x08007158                vTaskMissedYield
 .text.prvIdleTask
                0x08007170       0x30 ./Middlewares/Third_Party/FreeRTOS/Source/tasks.o
 .text.prvInitialiseTaskLists
                0x080071a0       0x80 ./Middlewares/Third_Party/FreeRTOS/Source/tasks.o
 .text.prvCheckTasksWaitingTermination
                0x08007220       0x5c ./Middlewares/Third_Party/FreeRTOS/Source/tasks.o
 .text.prvDeleteTCB
                0x0800727c       0x6a ./Middlewares/Third_Party/FreeRTOS/Source/tasks.o
 *fill*         0x080072e6        0x2 
 .text.prvResetNextTaskUnblockTime
                0x080072e8       0x40 ./Middlewares/Third_Party/FreeRTOS/Source/tasks.o
 .text.xTaskGetCurrentTaskHandle
                0x08007328       0x20 ./Middlewares/Third_Party/FreeRTOS/Source/tasks.o
                0x08007328                xTaskGetCurrentTaskHandle
 .text.xTaskGetSchedulerState
                0x08007348       0x3c ./Middlewares/Third_Party/FreeRTOS/Source/tasks.o
                0x08007348                xTaskGetSchedulerState
 .text.xTaskPriorityInherit
                0x08007384       0xd0 ./Middlewares/Third_Party/FreeRTOS/Source/tasks.o
                0x08007384                xTaskPriorityInherit
 .text.xTaskPriorityDisinherit
                0x08007454       0xe0 ./Middlewares/Third_Party/FreeRTOS/Source/tasks.o
                0x08007454                xTaskPriorityDisinherit
 .text.vTaskPriorityDisinheritAfterTimeout
                0x08007534      0x108 ./Middlewares/Third_Party/FreeRTOS/Source/tasks.o
                0x08007534                vTaskPriorityDisinheritAfterTimeout
 .text.uxTaskResetEventItemValue
                0x0800763c       0x30 ./Middlewares/Third_Party/FreeRTOS/Source/tasks.o
                0x0800763c                uxTaskResetEventItemValue
 .text.pvTaskIncrementMutexHeldCount
                0x0800766c       0x28 ./Middlewares/Third_Party/FreeRTOS/Source/tasks.o
                0x0800766c                pvTaskIncrementMutexHeldCount
 .text.prvAddCurrentTaskToDelayedList
                0x08007694       0xa8 ./Middlewares/Third_Party/FreeRTOS/Source/tasks.o
 .text.xTimerCreateTimerTask
                0x0800773c       0x94 ./Middlewares/Third_Party/FreeRTOS/Source/timers.o
                0x0800773c                xTimerCreateTimerTask
 .text.xTimerGenericCommand
                0x080077d0       0x9c ./Middlewares/Third_Party/FreeRTOS/Source/timers.o
                0x080077d0                xTimerGenericCommand
 .text.prvProcessExpiredTimer
                0x0800786c       0x9c ./Middlewares/Third_Party/FreeRTOS/Source/timers.o
 .text.prvTimerTask
                0x08007908       0x26 ./Middlewares/Third_Party/FreeRTOS/Source/timers.o
 *fill*         0x0800792e        0x2 
 .text.prvProcessTimerOrBlockTask
                0x08007930       0x9c ./Middlewares/Third_Party/FreeRTOS/Source/timers.o
 .text.prvGetNextExpireTime
                0x080079cc       0x48 ./Middlewares/Third_Party/FreeRTOS/Source/timers.o
 .text.prvSampleTimeNow
                0x08007a14       0x40 ./Middlewares/Third_Party/FreeRTOS/Source/timers.o
 .text.prvInsertTimerInActiveList
                0x08007a54       0x84 ./Middlewares/Third_Party/FreeRTOS/Source/timers.o
 .text.prvProcessReceivedCommands
                0x08007ad8      0x1cc ./Middlewares/Third_Party/FreeRTOS/Source/timers.o
 .text.prvSwitchTimerLists
                0x08007ca4       0xcc ./Middlewares/Third_Party/FreeRTOS/Source/timers.o
 .text.prvCheckForValidListAndQueue
                0x08007d70       0x80 ./Middlewares/Third_Party/FreeRTOS/Source/timers.o
 .text.xTimerPendFunctionCallFromISR
                0x08007df0       0x40 ./Middlewares/Third_Party/FreeRTOS/Source/timers.o
                0x08007df0                xTimerPendFunctionCallFromISR
 .text.pxPortInitialiseStack
                0x08007e30       0x68 ./Middlewares/Third_Party/FreeRTOS/Source/portable/GCC/ARM_CM4F/port.o
                0x08007e30                pxPortInitialiseStack
 .text.prvTaskExitError
                0x08007e98       0x5c ./Middlewares/Third_Party/FreeRTOS/Source/portable/GCC/ARM_CM4F/port.o
 *fill*         0x08007ef4        0xc 
 .text.SVC_Handler
                0x08007f00       0x28 ./Middlewares/Third_Party/FreeRTOS/Source/portable/GCC/ARM_CM4F/port.o
                0x08007f00                SVC_Handler
 .text.prvPortStartFirstTask
                0x08007f28       0x28 ./Middlewares/Third_Party/FreeRTOS/Source/portable/GCC/ARM_CM4F/port.o
 .text.xPortStartScheduler
                0x08007f50      0x148 ./Middlewares/Third_Party/FreeRTOS/Source/portable/GCC/ARM_CM4F/port.o
                0x08007f50                xPortStartScheduler
 .text.vPortEnterCritical
                0x08008098       0x64 ./Middlewares/Third_Party/FreeRTOS/Source/portable/GCC/ARM_CM4F/port.o
                0x08008098                vPortEnterCritical
 .text.vPortExitCritical
                0x080080fc       0x54 ./Middlewares/Third_Party/FreeRTOS/Source/portable/GCC/ARM_CM4F/port.o
                0x080080fc                vPortExitCritical
 .text.PendSV_Handler
                0x08008150       0x68 ./Middlewares/Third_Party/FreeRTOS/Source/portable/GCC/ARM_CM4F/port.o
                0x08008150                PendSV_Handler
 .text.xPortSysTickHandler
                0x080081b8       0x44 ./Middlewares/Third_Party/FreeRTOS/Source/portable/GCC/ARM_CM4F/port.o
                0x080081b8                xPortSysTickHandler
 .text.vPortSetupTimerInterrupt
                0x080081fc       0x48 ./Middlewares/Third_Party/FreeRTOS/Source/portable/GCC/ARM_CM4F/port.o
                0x080081fc                vPortSetupTimerInterrupt
 .text.vPortEnableVFP
                0x08008244       0x14 ./Middlewares/Third_Party/FreeRTOS/Source/portable/GCC/ARM_CM4F/port.o
 .text.vPortValidateInterruptPriority
                0x08008258       0x84 ./Middlewares/Third_Party/FreeRTOS/Source/portable/GCC/ARM_CM4F/port.o
                0x08008258                vPortValidateInterruptPriority
 .text.pvPortMalloc
                0x080082dc      0x19c ./Middlewares/Third_Party/FreeRTOS/Source/portable/MemMang/heap_4.o
                0x080082dc                pvPortMalloc
 .text.vPortFree
                0x08008478       0xc8 ./Middlewares/Third_Party/FreeRTOS/Source/portable/MemMang/heap_4.o
                0x08008478                vPortFree
 .text.prvHeapInit
                0x08008540       0xc4 ./Middlewares/Third_Party/FreeRTOS/Source/portable/MemMang/heap_4.o
 .text.prvInsertBlockIntoFreeList
                0x08008604       0xb4 ./Middlewares/Third_Party/FreeRTOS/Source/portable/MemMang/heap_4.o
 .text.MX_PDM2PCM_Init
                0x080086b8       0x54 ./PDM2PCM/App/pdm2pcm.o
                0x080086b8                MX_PDM2PCM_Init
 .text.D16_GENERIC
                0x0800870c      0x118 ../Middlewares/ST/STM32_Audio/Addons/PDM/Lib/libPDMFilter_CM4_GCC_wc32.a(pdm_filter.o)
 .text.D24_GENERIC
                0x08008824      0x188 ../Middlewares/ST/STM32_Audio/Addons/PDM/Lib/libPDMFilter_CM4_GCC_wc32.a(pdm_filter.o)
 .text.D32_GENERIC
                0x080089ac      0x188 ../Middlewares/ST/STM32_Audio/Addons/PDM/Lib/libPDMFilter_CM4_GCC_wc32.a(pdm_filter.o)
 .text.D48_GENERIC
                0x08008b34      0x1e8 ../Middlewares/ST/STM32_Audio/Addons/PDM/Lib/libPDMFilter_CM4_GCC_wc32.a(pdm_filter.o)
 .text.D64_GENERIC
                0x08008d1c      0x21c ../Middlewares/ST/STM32_Audio/Addons/PDM/Lib/libPDMFilter_CM4_GCC_wc32.a(pdm_filter.o)
 .text.D80_GENERIC
                0x08008f38      0x294 ../Middlewares/ST/STM32_Audio/Addons/PDM/Lib/libPDMFilter_CM4_GCC_wc32.a(pdm_filter.o)
 .text.D128_GENERIC
                0x080091cc      0x3e0 ../Middlewares/ST/STM32_Audio/Addons/PDM/Lib/libPDMFilter_CM4_GCC_wc32.a(pdm_filter.o)
 .text.D16_1CH_HTONS_VOL_HP
                0x080095ac       0xe8 ../Middlewares/ST/STM32_Audio/Addons/PDM/Lib/libPDMFilter_CM4_GCC_wc32.a(pdm_filter.o)
 .text.D24_1CH_HTONS_VOL_HP
                0x08009694      0x144 ../Middlewares/ST/STM32_Audio/Addons/PDM/Lib/libPDMFilter_CM4_GCC_wc32.a(pdm_filter.o)
 .text.D32_1CH_HTONS_VOL_HP
                0x080097d8      0x11c ../Middlewares/ST/STM32_Audio/Addons/PDM/Lib/libPDMFilter_CM4_GCC_wc32.a(pdm_filter.o)
 .text.D48_1CH_HTONS_VOL_HP
                0x080098f4      0x16c ../Middlewares/ST/STM32_Audio/Addons/PDM/Lib/libPDMFilter_CM4_GCC_wc32.a(pdm_filter.o)
 .text.D64_1CH_HTONS_VOL_HP
                0x08009a60      0x1a0 ../Middlewares/ST/STM32_Audio/Addons/PDM/Lib/libPDMFilter_CM4_GCC_wc32.a(pdm_filter.o)
 .text.D80_1CH_HTONS_VOL_HP
                0x08009c00      0x208 ../Middlewares/ST/STM32_Audio/Addons/PDM/Lib/libPDMFilter_CM4_GCC_wc32.a(pdm_filter.o)
 .text.D128_1CH_HTONS_VOL_HP
                0x08009e08      0x324 ../Middlewares/ST/STM32_Audio/Addons/PDM/Lib/libPDMFilter_CM4_GCC_wc32.a(pdm_filter.o)
 .text.PDM_Filter_Init
                0x0800a12c      0x1a0 ../Middlewares/ST/STM32_Audio/Addons/PDM/Lib/libPDMFilter_CM4_GCC_wc32.a(pdm_filter.o)
                0x0800a12c                PDM_Filter_Init
 .text.PDM_Filter_setConfig
                0x0800a2cc      0x20c ../Middlewares/ST/STM32_Audio/Addons/PDM/Lib/libPDMFilter_CM4_GCC_wc32.a(pdm_filter.o)
                0x0800a2cc                PDM_Filter_setConfig
 .text.PDM_Filter
                0x0800a4d8       0x34 ../Middlewares/ST/STM32_Audio/Addons/PDM/Lib/libPDMFilter_CM4_GCC_wc32.a(pdm_filter.o)
                0x0800a4d8                PDM_Filter
 .text.arm_rfft_32_fast_init_f32
                0x0800a50c       0x24 ../Middlewares/ST/ARM/DSP/Lib/libarm_cortexM4lf_math.a(arm_rfft_fast_init_f32.o)
 .text.arm_rfft_64_fast_init_f32
                0x0800a530       0x24 ../Middlewares/ST/ARM/DSP/Lib/libarm_cortexM4lf_math.a(arm_rfft_fast_init_f32.o)
 .text.arm_rfft_128_fast_init_f32
                0x0800a554       0x24 ../Middlewares/ST/ARM/DSP/Lib/libarm_cortexM4lf_math.a(arm_rfft_fast_init_f32.o)
 .text.arm_rfft_256_fast_init_f32
                0x0800a578       0x24 ../Middlewares/ST/ARM/DSP/Lib/libarm_cortexM4lf_math.a(arm_rfft_fast_init_f32.o)
 .text.arm_rfft_512_fast_init_f32
                0x0800a59c       0x28 ../Middlewares/ST/ARM/DSP/Lib/libarm_cortexM4lf_math.a(arm_rfft_fast_init_f32.o)
 .text.arm_rfft_1024_fast_init_f32
                0x0800a5c4       0x28 ../Middlewares/ST/ARM/DSP/Lib/libarm_cortexM4lf_math.a(arm_rfft_fast_init_f32.o)
 .text.arm_rfft_2048_fast_init_f32
                0x0800a5ec       0x28 ../Middlewares/ST/ARM/DSP/Lib/libarm_cortexM4lf_math.a(arm_rfft_fast_init_f32.o)
 .text.arm_rfft_4096_fast_init_f32
                0x0800a614       0x28 ../Middlewares/ST/ARM/DSP/Lib/libarm_cortexM4lf_math.a(arm_rfft_fast_init_f32.o)
 .text.arm_rfft_fast_init_f32
                0x0800a63c       0x74 ../Middlewares/ST/ARM/DSP/Lib/libarm_cortexM4lf_math.a(arm_rfft_fast_init_f32.o)
                0x0800a63c                arm_rfft_fast_init_f32
 .text.stage_rfft_f32
                0x0800a6b0       0xb4 ../Middlewares/ST/ARM/DSP/Lib/libarm_cortexM4lf_math.a(arm_rfft_fast_f32.o)
                0x0800a6b0                stage_rfft_f32
 .text.merge_rfft_f32
                0x0800a764       0xac ../Middlewares/ST/ARM/DSP/Lib/libarm_cortexM4lf_math.a(arm_rfft_fast_f32.o)
                0x0800a764                merge_rfft_f32
 .text.arm_rfft_fast_f32
                0x0800a810       0x38 ../Middlewares/ST/ARM/DSP/Lib/libarm_cortexM4lf_math.a(arm_rfft_fast_f32.o)
                0x0800a810                arm_rfft_fast_f32
 .text.arm_cfft_radix8by2_f32
                0x0800a848      0x1a4 ../Middlewares/ST/ARM/DSP/Lib/libarm_cortexM4lf_math.a(arm_cfft_f32.o)
                0x0800a848                arm_cfft_radix8by2_f32
 .text.arm_cfft_radix8by4_f32
                0x0800a9ec      0x4ac ../Middlewares/ST/ARM/DSP/Lib/libarm_cortexM4lf_math.a(arm_cfft_f32.o)
                0x0800a9ec                arm_cfft_radix8by4_f32
 .text.arm_cfft_f32
                0x0800ae98       0xf0 ../Middlewares/ST/ARM/DSP/Lib/libarm_cortexM4lf_math.a(arm_cfft_f32.o)
                0x0800ae98                arm_cfft_f32
 .text.arm_bitreversal_32
                0x0800af88       0x40 ../Middlewares/ST/ARM/DSP/Lib/libarm_cortexM4lf_math.a(arm_bitreversal2.o)
                0x0800af88                arm_bitreversal_32
 .text.arm_cmplx_mag_f32
                0x0800afc8      0x248 ../Middlewares/ST/ARM/DSP/Lib/libarm_cortexM4lf_math.a(arm_cmplx_mag_f32.o)
                0x0800afc8                arm_cmplx_mag_f32
 .text.arm_cfft_init_f32
                0x0800b210       0xa4 ../Middlewares/ST/ARM/DSP/Lib/libarm_cortexM4lf_math.a(arm_cfft_init_f32.o)
                0x0800b210                arm_cfft_init_f32
 .text.arm_radix8_butterfly_f32
                0x0800b2b4      0x598 ../Middlewares/ST/ARM/DSP/Lib/libarm_cortexM4lf_math.a(arm_cfft_radix8_f32.o)
                0x0800b2b4                arm_radix8_butterfly_f32
 .text.memset   0x0800b84c       0x10 /opt/st/stm32cubeide_1.18.1/plugins/com.st.stm32cube.ide.mcu.externaltools.gnu-tools-for-stm32.13.3.rel1.linux64_1.0.0.202410170706/tools/bin/../lib/gcc/arm-none-eabi/13.3.1/../../../../arm-none-eabi/lib/thumb/v7e-m+fp/hard/libc_nano.a(libc_a-memset.o)
                0x0800b84c                memset
 .text._reclaim_reent
                0x0800b85c       0xbc /opt/st/stm32cubeide_1.18.1/plugins/com.st.stm32cube.ide.mcu.externaltools.gnu-tools-for-stm32.13.3.rel1.linux64_1.0.0.202410170706/tools/bin/../lib/gcc/arm-none-eabi/13.3.1/../../../../arm-none-eabi/lib/thumb/v7e-m+fp/hard/libc_nano.a(libc_a-reent.o)
                0x0800b85c                _reclaim_reent
 .text.__errno  0x0800b918        0xc /opt/st/stm32cubeide_1.18.1/plugins/com.st.stm32cube.ide.mcu.externaltools.gnu-tools-for-stm32.13.3.rel1.linux64_1.0.0.202410170706/tools/bin/../lib/gcc/arm-none-eabi/13.3.1/../../../../arm-none-eabi/lib/thumb/v7e-m+fp/hard/libc_nano.a(libc_a-errno.o)
                0x0800b918                __errno
 .text.__libc_init_array
                0x0800b924       0x48 /opt/st/stm32cubeide_1.18.1/plugins/com.st.stm32cube.ide.mcu.externaltools.gnu-tools-for-stm32.13.3.rel1.linux64_1.0.0.202410170706/tools/bin/../lib/gcc/arm-none-eabi/13.3.1/../../../../arm-none-eabi/lib/thumb/v7e-m+fp/hard/libc_nano.a(libc_a-init.o)
                0x0800b924                __libc_init_array
 .text.__retarget_lock_acquire_recursive
                0x0800b96c        0x2 /opt/st/stm32cubeide_1.18.1/plugins/com.st.stm32cube.ide.mcu.externaltools.gnu-tools-for-stm32.13.3.rel1.linux64_1.0.0.202410170706/tools/bin/../lib/gcc/arm-none-eabi/13.3.1/../../../../arm-none-eabi/lib/thumb/v7e-m+fp/hard/libc_nano.a(libc_a-lock.o)
                0x0800b96c                __retarget_lock_acquire_recursive
 .text.__retarget_lock_release_recursive
                0x0800b96e        0x2 /opt/st/stm32cubeide_1.18.1/plugins/com.st.stm32cube.ide.mcu.externaltools.gnu-tools-for-stm32.13.3.rel1.linux64_1.0.0.202410170706/tools/bin/../lib/gcc/arm-none-eabi/13.3.1/../../../../arm-none-eabi/lib/thumb/v7e-m+fp/hard/libc_nano.a(libc_a-lock.o)
                0x0800b96e                __retarget_lock_release_recursive
 .text.memcpy   0x0800b970       0x1c /opt/st/stm32cubeide_1.18.1/plugins/com.st.stm32cube.ide.mcu.externaltools.gnu-tools-for-stm32.13.3.rel1.linux64_1.0.0.202410170706/tools/bin/../lib/gcc/arm-none-eabi/13.3.1/../../../../arm-none-eabi/lib/thumb/v7e-m+fp/hard/libc_nano.a(libc_a-memcpy-stub.o)
                0x0800b970                memcpy
 .text._free_r  0x0800b98c       0x94 /opt/st/stm32cubeide_1.18.1/plugins/com.st.stm32cube.ide.mcu.externaltools.gnu-tools-for-stm32.13.3.rel1.linux64_1.0.0.202410170706/tools/bin/../lib/gcc/arm-none-eabi/13.3.1/../../../../arm-none-eabi/lib/thumb/v7e-m+fp/hard/libc_nano.a(libc_a-freer.o)
                0x0800b98c                _free_r
 .text.__malloc_lock
                0x0800ba20        0xc /opt/st/stm32cubeide_1.18.1/plugins/com.st.stm32cube.ide.mcu.externaltools.gnu-tools-for-stm32.13.3.rel1.linux64_1.0.0.202410170706/tools/bin/../lib/gcc/arm-none-eabi/13.3.1/../../../../arm-none-eabi/lib/thumb/v7e-m+fp/hard/libc_nano.a(libc_a-mlock.o)
                0x0800ba20                __malloc_lock
 .text.__malloc_unlock
                0x0800ba2c        0xc /opt/st/stm32cubeide_1.18.1/plugins/com.st.stm32cube.ide.mcu.externaltools.gnu-tools-for-stm32.13.3.rel1.linux64_1.0.0.202410170706/tools/bin/../lib/gcc/arm-none-eabi/13.3.1/../../../../arm-none-eabi/lib/thumb/v7e-m+fp/hard/libc_nano.a(libc_a-mlock.o)
                0x0800ba2c                __malloc_unlock
 .text.log10f   0x0800ba38       0x5c /opt/st/stm32cubeide_1.18.1/plugins/com.st.stm32cube.ide.mcu.externaltools.gnu-tools-for-stm32.13.3.rel1.linux64_1.0.0.202410170706/tools/bin/../lib/gcc/arm-none-eabi/13.3.1/../../../../arm-none-eabi/lib/thumb/v7e-m+fp/hard/libm.a(libm_a-wf_log10.o)
                0x0800ba38                log10f
 .text.powf     0x0800ba94       0xae /opt/st/stm32cubeide_1.18.1/plugins/com.st.stm32cube.ide.mcu.externaltools.gnu-tools-for-stm32.13.3.rel1.linux64_1.0.0.202410170706/tools/bin/../lib/gcc/arm-none-eabi/13.3.1/../../../../arm-none-eabi/lib/thumb/v7e-m+fp/hard/libm.a(libm_a-wf_pow.o)
                0x0800ba94                powf
 *fill*         0x0800bb42        0x2 
 .text.sqrtf    0x0800bb44       0x3c /opt/st/stm32cubeide_1.18.1/plugins/com.st.stm32cube.ide.mcu.externaltools.gnu-tools-for-stm32.13.3.rel1.linux64_1.0.0.202410170706/tools/bin/../lib/gcc/arm-none-eabi/13.3.1/../../../../arm-none-eabi/lib/thumb/v7e-m+fp/hard/libm.a(libm_a-wf_sqrt.o)
                0x0800bb44                sqrtf
 .text.cosf     0x0800bb80       0x88 /opt/st/stm32cubeide_1.18.1/plugins/com.st.stm32cube.ide.mcu.externaltools.gnu-tools-for-stm32.13.3.rel1.linux64_1.0.0.202410170706/tools/bin/../lib/gcc/arm-none-eabi/13.3.1/../../../../arm-none-eabi/lib/thumb/v7e-m+fp/hard/libm.a(libm_a-sf_cos.o)
                0x0800bb80                cosf
 .text.finitef  0x0800bc08       0x14 /opt/st/stm32cubeide_1.18.1/plugins/com.st.stm32cube.ide.mcu.externaltools.gnu-tools-for-stm32.13.3.rel1.linux64_1.0.0.202410170706/tools/bin/../lib/gcc/arm-none-eabi/13.3.1/../../../../arm-none-eabi/lib/thumb/v7e-m+fp/hard/libm.a(libm_a-sf_finite.o)
                0x0800bc08                finitef
 .text.nanf     0x0800bc1c        0xc /opt/st/stm32cubeide_1.18.1/plugins/com.st.stm32cube.ide.mcu.externaltools.gnu-tools-for-stm32.13.3.rel1.linux64_1.0.0.202410170706/tools/bin/../lib/gcc/arm-none-eabi/13.3.1/../../../../arm-none-eabi/lib/thumb/v7e-m+fp/hard/libm.a(libm_a-sf_nan.o)
                0x0800bc1c                nanf
 .text.__ieee754_sqrtf
                0x0800bc28        0x6 /opt/st/stm32cubeide_1.18.1/plugins/com.st.stm32cube.ide.mcu.externaltools.gnu-tools-for-stm32.13.3.rel1.linux64_1.0.0.202410170706/tools/bin/../lib/gcc/arm-none-eabi/13.3.1/../../../../arm-none-eabi/lib/thumb/v7e-m+fp/hard/libm.a(libm_a-ef_sqrt.o)
                0x0800bc28                __ieee754_sqrtf
 *fill*         0x0800bc2e        0x2 
 .text.roundf   0x0800bc30       0x48 /opt/st/stm32cubeide_1.18.1/plugins/com.st.stm32cube.ide.mcu.externaltools.gnu-tools-for-stm32.13.3.rel1.linux64_1.0.0.202410170706/tools/bin/../lib/gcc/arm-none-eabi/13.3.1/../../../../arm-none-eabi/lib/thumb/v7e-m+fp/hard/libm.a(libm_a-sf_round.o)
                0x0800bc30                roundf
 .text.__kernel_cosf
                0x0800bc78       0xb0 /opt/st/stm32cubeide_1.18.1/plugins/com.st.stm32cube.ide.mcu.externaltools.gnu-tools-for-stm32.13.3.rel1.linux64_1.0.0.202410170706/tools/bin/../lib/gcc/arm-none-eabi/13.3.1/../../../../arm-none-eabi/lib/thumb/v7e-m+fp/hard/libm.a(libm_a-kf_cos.o)
                0x0800bc78                __kernel_cosf
 .text.__kernel_sinf
                0x0800bd28       0x90 /opt/st/stm32cubeide_1.18.1/plugins/com.st.stm32cube.ide.mcu.externaltools.gnu-tools-for-stm32.13.3.rel1.linux64_1.0.0.202410170706/tools/bin/../lib/gcc/arm-none-eabi/13.3.1/../../../../arm-none-eabi/lib/thumb/v7e-m+fp/hard/libm.a(libm_a-kf_sin.o)
                0x0800bd28                __kernel_sinf
 .text.__ieee754_log10f
                0x0800bdb8       0xb0 /opt/st/stm32cubeide_1.18.1/plugins/com.st.stm32cube.ide.mcu.externaltools.gnu-tools-for-stm32.13.3.rel1.linux64_1.0.0.202410170706/tools/bin/../lib/gcc/arm-none-eabi/13.3.1/../../../../arm-none-eabi/lib/thumb/v7e-m+fp/hard/libm.a(libm_a-ef_log10.o)
                0x0800bdb8                __ieee754_log10f
 .text.__ieee754_powf
                0x0800be68      0x59c /opt/st/stm32cubeide_1.18.1/plugins/com.st.stm32cube.ide.mcu.externaltools.gnu-tools-for-stm32.13.3.rel1.linux64_1.0.0.202410170706/tools/bin/../lib/gcc/arm-none-eabi/13.3.1/../../../../arm-none-eabi/lib/thumb/v7e-m+fp/hard/libm.a(libm_a-ef_pow.o)
                0x0800be68                __ieee754_powf
 .text.__ieee754_rem_pio2f
                0x0800c404      0x260 /opt/st/stm32cubeide_1.18.1/plugins/com.st.stm32cube.ide.mcu.externaltools.gnu-tools-for-stm32.13.3.rel1.linux64_1.0.0.202410170706/tools/bin/../lib/gcc/arm-none-eabi/13.3.1/../../../../arm-none-eabi/lib/thumb/v7e-m+fp/hard/libm.a(libm_a-ef_rem_pio2.o)
                0x0800c404                __ieee754_rem_pio2f
 .text.fabsf    0x0800c664        0xe /opt/st/stm32cubeide_1.18.1/plugins/com.st.stm32cube.ide.mcu.externaltools.gnu-tools-for-stm32.13.3.rel1.linux64_1.0.0.202410170706/tools/bin/../lib/gcc/arm-none-eabi/13.3.1/../../../../arm-none-eabi/lib/thumb/v7e-m+fp/hard/libm.a(libm_a-sf_fabs.o)
                0x0800c664                fabsf
 *fill*         0x0800c672        0x2 
 .text.scalbnf  0x0800c674       0xcc /opt/st/stm32cubeide_1.18.1/plugins/com.st.stm32cube.ide.mcu.externaltools.gnu-tools-for-stm32.13.3.rel1.linux64_1.0.0.202410170706/tools/bin/../lib/gcc/arm-none-eabi/13.3.1/../../../../arm-none-eabi/lib/thumb/v7e-m+fp/hard/libm.a(libm_a-sf_scalbn.o)
                0x0800c674                scalbnf
 .text.with_errnof
                0x0800c740       0x1c /opt/st/stm32cubeide_1.18.1/plugins/com.st.stm32cube.ide.mcu.externaltools.gnu-tools-for-stm32.13.3.rel1.linux64_1.0.0.202410170706/tools/bin/../lib/gcc/arm-none-eabi/13.3.1/../../../../arm-none-eabi/lib/thumb/v7e-m+fp/hard/libm.a(libm_a-math_errf.o)
 .text.xflowf   0x0800c75c       0x16 /opt/st/stm32cubeide_1.18.1/plugins/com.st.stm32cube.ide.mcu.externaltools.gnu-tools-for-stm32.13.3.rel1.linux64_1.0.0.202410170706/tools/bin/../lib/gcc/arm-none-eabi/13.3.1/../../../../arm-none-eabi/lib/thumb/v7e-m+fp/hard/libm.a(libm_a-math_errf.o)
 *fill*         0x0800c772        0x2 
 .text.__math_uflowf
                0x0800c774        0xc /opt/st/stm32cubeide_1.18.1/plugins/com.st.stm32cube.ide.mcu.externaltools.gnu-tools-for-stm32.13.3.rel1.linux64_1.0.0.202410170706/tools/bin/../lib/gcc/arm-none-eabi/13.3.1/../../../../arm-none-eabi/lib/thumb/v7e-m+fp/hard/libm.a(libm_a-math_errf.o)
                0x0800c774                __math_uflowf
 .text.__math_oflowf
                0x0800c780        0xc /opt/st/stm32cubeide_1.18.1/plugins/com.st.stm32cube.ide.mcu.externaltools.gnu-tools-for-stm32.13.3.rel1.linux64_1.0.0.202410170706/tools/bin/../lib/gcc/arm-none-eabi/13.3.1/../../../../arm-none-eabi/lib/thumb/v7e-m+fp/hard/libm.a(libm_a-math_errf.o)
                0x0800c780                __math_oflowf
 .text.__kernel_rem_pio2f
                0x0800c78c      0x4d0 /opt/st/stm32cubeide_1.18.1/plugins/com.st.stm32cube.ide.mcu.externaltools.gnu-tools-for-stm32.13.3.rel1.linux64_1.0.0.202410170706/tools/bin/../lib/gcc/arm-none-eabi/13.3.1/../../../../arm-none-eabi/lib/thumb/v7e-m+fp/hard/libm.a(libm_a-kf_rem_pio2.o)
                0x0800c78c                __kernel_rem_pio2f
 .text.__ieee754_logf
                0x0800cc5c      0x1e4 /opt/st/stm32cubeide_1.18.1/plugins/com.st.stm32cube.ide.mcu.externaltools.gnu-tools-for-stm32.13.3.rel1.linux64_1.0.0.202410170706/tools/bin/../lib/gcc/arm-none-eabi/13.3.1/../../../../arm-none-eabi/lib/thumb/v7e-m+fp/hard/libm.a(libm_a-ef_log.o)
                0x0800cc5c                __ieee754_logf
 .text.floorf   0x0800ce40       0x88 /opt/st/stm32cubeide_1.18.1/plugins/com.st.stm32cube.ide.mcu.externaltools.gnu-tools-for-stm32.13.3.rel1.linux64_1.0.0.202410170706/tools/bin/../lib/gcc/arm-none-eabi/13.3.1/../../../../arm-none-eabi/lib/thumb/v7e-m+fp/hard/libm.a(libm_a-sf_floor.o)
                0x0800ce40                floorf
 *(.glue_7)
 .glue_7        0x0800cec8        0x0 linker stubs
 *(.glue_7t)
 .glue_7t       0x0800cec8        0x0 linker stubs
 *(.eh_frame)
 .eh_frame      0x0800cec8        0x0 /opt/st/stm32cubeide_1.18.1/plugins/com.st.stm32cube.ide.mcu.externaltools.gnu-tools-for-stm32.13.3.rel1.linux64_1.0.0.202410170706/tools/bin/../lib/gcc/arm-none-eabi/13.3.1/thumb/v7e-m+fp/hard/crtbegin.o
 *(.init)
 .init          0x0800cec8        0x4 /opt/st/stm32cubeide_1.18.1/plugins/com.st.stm32cube.ide.mcu.externaltools.gnu-tools-for-stm32.13.3.rel1.linux64_1.0.0.202410170706/tools/bin/../lib/gcc/arm-none-eabi/13.3.1/thumb/v7e-m+fp/hard/crti.o
                0x0800cec8                _init
 .init          0x0800cecc        0x8 /opt/st/stm32cubeide_1.18.1/plugins/com.st.stm32cube.ide.mcu.externaltools.gnu-tools-for-stm32.13.3.rel1.linux64_1.0.0.202410170706/tools/bin/../lib/gcc/arm-none-eabi/13.3.1/thumb/v7e-m+fp/hard/crtn.o
 *(.fini)
 .fini          0x0800ced4        0x4 /opt/st/stm32cubeide_1.18.1/plugins/com.st.stm32cube.ide.mcu.externaltools.gnu-tools-for-stm32.13.3.rel1.linux64_1.0.0.202410170706/tools/bin/../lib/gcc/arm-none-eabi/13.3.1/thumb/v7e-m+fp/hard/crti.o
                0x0800ced4                _fini
 .fini          0x0800ced8        0x8 /opt/st/stm32cubeide_1.18.1/plugins/com.st.stm32cube.ide.mcu.externaltools.gnu-tools-for-stm32.13.3.rel1.linux64_1.0.0.202410170706/tools/bin/../lib/gcc/arm-none-eabi/13.3.1/thumb/v7e-m+fp/hard/crtn.o
                0x0800cee0                        . = ALIGN (0x4)
                0x0800cee0                        _etext = .

.vfp11_veneer   0x0800cee0        0x0
 .vfp11_veneer  0x0800cee0        0x0 linker stubs

.v4_bx          0x0800cee0        0x0
 .v4_bx         0x0800cee0        0x0 linker stubs

.iplt           0x0800cee0        0x0
 .iplt          0x0800cee0        0x0 /opt/st/stm32cubeide_1.18.1/plugins/com.st.stm32cube.ide.mcu.externaltools.gnu-tools-for-stm32.13.3.rel1.linux64_1.0.0.202410170706/tools/bin/../lib/gcc/arm-none-eabi/13.3.1/thumb/v7e-m+fp/hard/crtbegin.o

.rodata         0x0800cee0    0x1da30
                0x0800cee0                        . = ALIGN (0x4)
 *(.rodata)
 .rodata        0x0800cee0       0x33 ./Core/Src/ili9341.o
 *fill*         0x0800cf13        0x1 
 .rodata        0x0800cf14       0x7b ./Core/Src/main.o
 *fill*         0x0800cf8f        0x1 
 .rodata        0x0800cf90        0x5 ./Middlewares/Third_Party/FreeRTOS/Source/tasks.o
 *fill*         0x0800cf95        0x3 
 .rodata        0x0800cf98        0xd ./Middlewares/Third_Party/FreeRTOS/Source/timers.o
 *(.rodata*)
 *fill*         0x0800cfa5        0x3 
 .rodata.AudioCapture_attributes
                0x0800cfa8       0x24 ./Core/Src/main.o
                0x0800cfa8                AudioCapture_attributes
 .rodata.FFTProcessing_attributes
                0x0800cfcc       0x24 ./Core/Src/main.o
                0x0800cfcc                FFTProcessing_attributes
 .rodata.DisplayOutput_attributes
                0x0800cff0       0x24 ./Core/Src/main.o
                0x0800cff0                DisplayOutput_attributes
 .rodata.NormalizedMutex_attributes
                0x0800d014       0x10 ./Core/Src/main.o
                0x0800d014                NormalizedMutex_attributes
 .rodata.FFTMagMutex_attributes
                0x0800d024       0x10 ./Core/Src/main.o
                0x0800d024                FFTMagMutex_attributes
 .rodata.AudioCallbackReady_attributes
                0x0800d034       0x10 ./Core/Src/main.o
                0x0800d034                AudioCallbackReady_attributes
 .rodata.FFTReady_attributes
                0x0800d044       0x10 ./Core/Src/main.o
                0x0800d044                FFTReady_attributes
 .rodata.AudioBuffReady_attributes
                0x0800d054       0x10 ./Core/Src/main.o
                0x0800d054                AudioBuffReady_attributes
 .rodata.AHBPrescTable
                0x0800d064       0x10 ./Core/Src/system_stm32f4xx.o
                0x0800d064                AHBPrescTable
 .rodata.APBPrescTable
                0x0800d074        0x8 ./Core/Src/system_stm32f4xx.o
                0x0800d074                APBPrescTable
 .rodata.flagBitshiftOffset.0
                0x0800d07c        0x8 ./Drivers/STM32F4xx_HAL_Driver/Src/stm32f4xx_hal_dma.o
 .rodata.CSWTCH.387
                0x0800d084       0x1c ../Middlewares/ST/STM32_Audio/Addons/PDM/Lib/libPDMFilter_CM4_GCC_wc32.a(pdm_filter.o)
 .rodata.CSWTCH.388
                0x0800d0a0       0x1c ../Middlewares/ST/STM32_Audio/Addons/PDM/Lib/libPDMFilter_CM4_GCC_wc32.a(pdm_filter.o)
 .rodata.armBitRevIndexTable1024
                0x0800d0bc      0xe10 ../Middlewares/ST/ARM/DSP/Lib/libarm_cortexM4lf_math.a(arm_common_tables.o)
                0x0800d0bc                armBitRevIndexTable1024
 .rodata.armBitRevIndexTable128
                0x0800decc      0x1a0 ../Middlewares/ST/ARM/DSP/Lib/libarm_cortexM4lf_math.a(arm_common_tables.o)
                0x0800decc                armBitRevIndexTable128
 .rodata.armBitRevIndexTable16
                0x0800e06c       0x28 ../Middlewares/ST/ARM/DSP/Lib/libarm_cortexM4lf_math.a(arm_common_tables.o)
                0x0800e06c                armBitRevIndexTable16
 .rodata.armBitRevIndexTable2048
                0x0800e094     0x1dc0 ../Middlewares/ST/ARM/DSP/Lib/libarm_cortexM4lf_math.a(arm_common_tables.o)
                0x0800e094                armBitRevIndexTable2048
 .rodata.armBitRevIndexTable256
                0x0800fe54      0x370 ../Middlewares/ST/ARM/DSP/Lib/libarm_cortexM4lf_math.a(arm_common_tables.o)
                0x0800fe54                armBitRevIndexTable256
 .rodata.armBitRevIndexTable32
                0x080101c4       0x60 ../Middlewares/ST/ARM/DSP/Lib/libarm_cortexM4lf_math.a(arm_common_tables.o)
                0x080101c4                armBitRevIndexTable32
 .rodata.armBitRevIndexTable4096
                0x08010224     0x1f80 ../Middlewares/ST/ARM/DSP/Lib/libarm_cortexM4lf_math.a(arm_common_tables.o)
                0x08010224                armBitRevIndexTable4096
 .rodata.armBitRevIndexTable512
                0x080121a4      0x380 ../Middlewares/ST/ARM/DSP/Lib/libarm_cortexM4lf_math.a(arm_common_tables.o)
                0x080121a4                armBitRevIndexTable512
 .rodata.armBitRevIndexTable64
                0x08012524       0x70 ../Middlewares/ST/ARM/DSP/Lib/libarm_cortexM4lf_math.a(arm_common_tables.o)
                0x08012524                armBitRevIndexTable64
 .rodata.twiddleCoef_1024
                0x08012594     0x2000 ../Middlewares/ST/ARM/DSP/Lib/libarm_cortexM4lf_math.a(arm_common_tables.o)
                0x08012594                twiddleCoef_1024
 .rodata.twiddleCoef_128
                0x08014594      0x400 ../Middlewares/ST/ARM/DSP/Lib/libarm_cortexM4lf_math.a(arm_common_tables.o)
                0x08014594                twiddleCoef_128
 .rodata.twiddleCoef_16
                0x08014994       0x80 ../Middlewares/ST/ARM/DSP/Lib/libarm_cortexM4lf_math.a(arm_common_tables.o)
                0x08014994                twiddleCoef_16
 .rodata.twiddleCoef_2048
                0x08014a14     0x4000 ../Middlewares/ST/ARM/DSP/Lib/libarm_cortexM4lf_math.a(arm_common_tables.o)
                0x08014a14                twiddleCoef_2048
 .rodata.twiddleCoef_256
                0x08018a14      0x800 ../Middlewares/ST/ARM/DSP/Lib/libarm_cortexM4lf_math.a(arm_common_tables.o)
                0x08018a14                twiddleCoef_256
 .rodata.twiddleCoef_32
                0x08019214      0x100 ../Middlewares/ST/ARM/DSP/Lib/libarm_cortexM4lf_math.a(arm_common_tables.o)
                0x08019214                twiddleCoef_32
 .rodata.twiddleCoef_4096
                0x08019314     0x8000 ../Middlewares/ST/ARM/DSP/Lib/libarm_cortexM4lf_math.a(arm_common_tables.o)
                0x08019314                twiddleCoef_4096
 .rodata.twiddleCoef_512
                0x08021314     0x1000 ../Middlewares/ST/ARM/DSP/Lib/libarm_cortexM4lf_math.a(arm_common_tables.o)
                0x08021314                twiddleCoef_512
 .rodata.twiddleCoef_64
                0x08022314      0x200 ../Middlewares/ST/ARM/DSP/Lib/libarm_cortexM4lf_math.a(arm_common_tables.o)
                0x08022314                twiddleCoef_64
 .rodata.twiddleCoef_rfft_1024
                0x08022514     0x1000 ../Middlewares/ST/ARM/DSP/Lib/libarm_cortexM4lf_math.a(arm_common_tables.o)
                0x08022514                twiddleCoef_rfft_1024
 .rodata.twiddleCoef_rfft_128
                0x08023514      0x200 ../Middlewares/ST/ARM/DSP/Lib/libarm_cortexM4lf_math.a(arm_common_tables.o)
                0x08023514                twiddleCoef_rfft_128
 .rodata.twiddleCoef_rfft_2048
                0x08023714     0x2000 ../Middlewares/ST/ARM/DSP/Lib/libarm_cortexM4lf_math.a(arm_common_tables.o)
                0x08023714                twiddleCoef_rfft_2048
 .rodata.twiddleCoef_rfft_256
                0x08025714      0x400 ../Middlewares/ST/ARM/DSP/Lib/libarm_cortexM4lf_math.a(arm_common_tables.o)
                0x08025714                twiddleCoef_rfft_256
 .rodata.twiddleCoef_rfft_32
                0x08025b14       0x80 ../Middlewares/ST/ARM/DSP/Lib/libarm_cortexM4lf_math.a(arm_common_tables.o)
                0x08025b14                twiddleCoef_rfft_32
 .rodata.twiddleCoef_rfft_4096
                0x08025b94     0x4000 ../Middlewares/ST/ARM/DSP/Lib/libarm_cortexM4lf_math.a(arm_common_tables.o)
                0x08025b94                twiddleCoef_rfft_4096
 .rodata.twiddleCoef_rfft_512
                0x08029b94      0x800 ../Middlewares/ST/ARM/DSP/Lib/libarm_cortexM4lf_math.a(arm_common_tables.o)
                0x08029b94                twiddleCoef_rfft_512
 .rodata.twiddleCoef_rfft_64
                0x0802a394      0x100 ../Middlewares/ST/ARM/DSP/Lib/libarm_cortexM4lf_math.a(arm_common_tables.o)
                0x0802a394                twiddleCoef_rfft_64
 .rodata.arm_cfft_sR_f32_len1024
                0x0802a494       0x10 ../Middlewares/ST/ARM/DSP/Lib/libarm_cortexM4lf_math.a(arm_const_structs.o)
                0x0802a494                arm_cfft_sR_f32_len1024
 .rodata.arm_cfft_sR_f32_len128
                0x0802a4a4       0x10 ../Middlewares/ST/ARM/DSP/Lib/libarm_cortexM4lf_math.a(arm_const_structs.o)
                0x0802a4a4                arm_cfft_sR_f32_len128
 .rodata.arm_cfft_sR_f32_len16
                0x0802a4b4       0x10 ../Middlewares/ST/ARM/DSP/Lib/libarm_cortexM4lf_math.a(arm_const_structs.o)
                0x0802a4b4                arm_cfft_sR_f32_len16
 .rodata.arm_cfft_sR_f32_len2048
                0x0802a4c4       0x10 ../Middlewares/ST/ARM/DSP/Lib/libarm_cortexM4lf_math.a(arm_const_structs.o)
                0x0802a4c4                arm_cfft_sR_f32_len2048
 .rodata.arm_cfft_sR_f32_len256
                0x0802a4d4       0x10 ../Middlewares/ST/ARM/DSP/Lib/libarm_cortexM4lf_math.a(arm_const_structs.o)
                0x0802a4d4                arm_cfft_sR_f32_len256
 .rodata.arm_cfft_sR_f32_len32
                0x0802a4e4       0x10 ../Middlewares/ST/ARM/DSP/Lib/libarm_cortexM4lf_math.a(arm_const_structs.o)
                0x0802a4e4                arm_cfft_sR_f32_len32
 .rodata.arm_cfft_sR_f32_len4096
                0x0802a4f4       0x10 ../Middlewares/ST/ARM/DSP/Lib/libarm_cortexM4lf_math.a(arm_const_structs.o)
                0x0802a4f4                arm_cfft_sR_f32_len4096
 .rodata.arm_cfft_sR_f32_len512
                0x0802a504       0x10 ../Middlewares/ST/ARM/DSP/Lib/libarm_cortexM4lf_math.a(arm_const_structs.o)
                0x0802a504                arm_cfft_sR_f32_len512
 .rodata.arm_cfft_sR_f32_len64
                0x0802a514       0x10 ../Middlewares/ST/ARM/DSP/Lib/libarm_cortexM4lf_math.a(arm_const_structs.o)
                0x0802a514                arm_cfft_sR_f32_len64
 .rodata.log10f.str1.1
                0x0802a524        0x1 /opt/st/stm32cubeide_1.18.1/plugins/com.st.stm32cube.ide.mcu.externaltools.gnu-tools-for-stm32.13.3.rel1.linux64_1.0.0.202410170706/tools/bin/../lib/gcc/arm-none-eabi/13.3.1/../../../../arm-none-eabi/lib/thumb/v7e-m+fp/hard/libm.a(libm_a-wf_log10.o)
 *fill*         0x0802a525        0x3 
 .rodata.dp_l   0x0802a528        0x8 /opt/st/stm32cubeide_1.18.1/plugins/com.st.stm32cube.ide.mcu.externaltools.gnu-tools-for-stm32.13.3.rel1.linux64_1.0.0.202410170706/tools/bin/../lib/gcc/arm-none-eabi/13.3.1/../../../../arm-none-eabi/lib/thumb/v7e-m+fp/hard/libm.a(libm_a-ef_pow.o)
 .rodata.dp_h   0x0802a530        0x8 /opt/st/stm32cubeide_1.18.1/plugins/com.st.stm32cube.ide.mcu.externaltools.gnu-tools-for-stm32.13.3.rel1.linux64_1.0.0.202410170706/tools/bin/../lib/gcc/arm-none-eabi/13.3.1/../../../../arm-none-eabi/lib/thumb/v7e-m+fp/hard/libm.a(libm_a-ef_pow.o)
 .rodata.bp     0x0802a538        0x8 /opt/st/stm32cubeide_1.18.1/plugins/com.st.stm32cube.ide.mcu.externaltools.gnu-tools-for-stm32.13.3.rel1.linux64_1.0.0.202410170706/tools/bin/../lib/gcc/arm-none-eabi/13.3.1/../../../../arm-none-eabi/lib/thumb/v7e-m+fp/hard/libm.a(libm_a-ef_pow.o)
 .rodata.npio2_hw
                0x0802a540       0x80 /opt/st/stm32cubeide_1.18.1/plugins/com.st.stm32cube.ide.mcu.externaltools.gnu-tools-for-stm32.13.3.rel1.linux64_1.0.0.202410170706/tools/bin/../lib/gcc/arm-none-eabi/13.3.1/../../../../arm-none-eabi/lib/thumb/v7e-m+fp/hard/libm.a(libm_a-ef_rem_pio2.o)
 .rodata.two_over_pi
                0x0802a5c0      0x318 /opt/st/stm32cubeide_1.18.1/plugins/com.st.stm32cube.ide.mcu.externaltools.gnu-tools-for-stm32.13.3.rel1.linux64_1.0.0.202410170706/tools/bin/../lib/gcc/arm-none-eabi/13.3.1/../../../../arm-none-eabi/lib/thumb/v7e-m+fp/hard/libm.a(libm_a-ef_rem_pio2.o)
 .rodata.PIo2   0x0802a8d8       0x2c /opt/st/stm32cubeide_1.18.1/plugins/com.st.stm32cube.ide.mcu.externaltools.gnu-tools-for-stm32.13.3.rel1.linux64_1.0.0.202410170706/tools/bin/../lib/gcc/arm-none-eabi/13.3.1/../../../../arm-none-eabi/lib/thumb/v7e-m+fp/hard/libm.a(libm_a-kf_rem_pio2.o)
 .rodata.init_jk
                0x0802a904        0xc /opt/st/stm32cubeide_1.18.1/plugins/com.st.stm32cube.ide.mcu.externaltools.gnu-tools-for-stm32.13.3.rel1.linux64_1.0.0.202410170706/tools/bin/../lib/gcc/arm-none-eabi/13.3.1/../../../../arm-none-eabi/lib/thumb/v7e-m+fp/hard/libm.a(libm_a-kf_rem_pio2.o)
                0x0802a910                        . = ALIGN (0x4)

.ARM.extab      0x0802a910        0x0
                0x0802a910                        . = ALIGN (0x4)
 *(.ARM.extab* .gnu.linkonce.armextab.*)
                0x0802a910                        . = ALIGN (0x4)

.ARM            0x0802a910        0x8
                0x0802a910                        . = ALIGN (0x4)
                0x0802a910                        __exidx_start = .
 *(.ARM.exidx*)
 .ARM.exidx     0x0802a910        0x8 /opt/st/stm32cubeide_1.18.1/plugins/com.st.stm32cube.ide.mcu.externaltools.gnu-tools-for-stm32.13.3.rel1.linux64_1.0.0.202410170706/tools/bin/../lib/gcc/arm-none-eabi/13.3.1/thumb/v7e-m+fp/hard/libgcc.a(_udivmoddi4.o)
                0x0802a918                        __exidx_end = .
                0x0802a918                        . = ALIGN (0x4)

.preinit_array  0x0802a918        0x0
                0x0802a918                        . = ALIGN (0x4)
                0x0802a918                        PROVIDE (__preinit_array_start = .)
 *(.preinit_array*)
                0x0802a918                        PROVIDE (__preinit_array_end = .)
                0x0802a918                        . = ALIGN (0x4)

.init_array     0x0802a918        0x4
                0x0802a918                        . = ALIGN (0x4)
                0x0802a918                        PROVIDE (__init_array_start = .)
 *(SORT_BY_NAME(.init_array.*))
 *(.init_array*)
 .init_array    0x0802a918        0x4 /opt/st/stm32cubeide_1.18.1/plugins/com.st.stm32cube.ide.mcu.externaltools.gnu-tools-for-stm32.13.3.rel1.linux64_1.0.0.202410170706/tools/bin/../lib/gcc/arm-none-eabi/13.3.1/thumb/v7e-m+fp/hard/crtbegin.o
                0x0802a91c                        PROVIDE (__init_array_end = .)
                0x0802a91c                        . = ALIGN (0x4)

.fini_array     0x0802a91c        0x4
                0x0802a91c                        . = ALIGN (0x4)
                [!provide]                        PROVIDE (__fini_array_start = .)
 *(SORT_BY_NAME(.fini_array.*))
 *(.fini_array*)
 .fini_array    0x0802a91c        0x4 /opt/st/stm32cubeide_1.18.1/plugins/com.st.stm32cube.ide.mcu.externaltools.gnu-tools-for-stm32.13.3.rel1.linux64_1.0.0.202410170706/tools/bin/../lib/gcc/arm-none-eabi/13.3.1/thumb/v7e-m+fp/hard/crtbegin.o
                [!provide]                        PROVIDE (__fini_array_end = .)
                0x0802a920                        . = ALIGN (0x4)
                0x0802a920                        _sidata = LOADADDR (.data)

.rel.dyn        0x0802a920        0x0
 .rel.iplt      0x0802a920        0x0 /opt/st/stm32cubeide_1.18.1/plugins/com.st.stm32cube.ide.mcu.externaltools.gnu-tools-for-stm32.13.3.rel1.linux64_1.0.0.202410170706/tools/bin/../lib/gcc/arm-none-eabi/13.3.1/thumb/v7e-m+fp/hard/crtbegin.o

.data           0x20000000      0x460 load address 0x0802a920
                0x20000000                        . = ALIGN (0x4)
                0x20000000                        _sdata = .
 *(.data)
 *(.data*)
 .data.SystemCoreClock
                0x20000000        0x4 ./Core/Src/system_stm32f4xx.o
                0x20000000                SystemCoreClock
 .data.uwTickPrio
                0x20000004        0x4 ./Drivers/STM32F4xx_HAL_Driver/Src/stm32f4xx_hal.o
                0x20000004                uwTickPrio
 .data.uwTickFreq
                0x20000008        0x1 ./Drivers/STM32F4xx_HAL_Driver/Src/stm32f4xx_hal.o
                0x20000008                uwTickFreq
 *fill*         0x20000009        0x3 
 .data.uxCriticalNesting
                0x2000000c        0x4 ./Middlewares/Third_Party/FreeRTOS/Source/portable/GCC/ARM_CM4F/port.o
 .data.T_0_1_2  0x20000010      0x400 ../Middlewares/ST/STM32_Audio/Addons/PDM/Lib/libPDMFilter_CM4_GCC_wc32.a(pdm_filter.o)
 .data._impure_ptr
                0x20000410        0x4 /opt/st/stm32cubeide_1.18.1/plugins/com.st.stm32cube.ide.mcu.externaltools.gnu-tools-for-stm32.13.3.rel1.linux64_1.0.0.202410170706/tools/bin/../lib/gcc/arm-none-eabi/13.3.1/../../../../arm-none-eabi/lib/thumb/v7e-m+fp/hard/libc_nano.a(libc_a-impure.o)
                0x20000410                _impure_ptr
 .data._impure_data
                0x20000414       0x4c /opt/st/stm32cubeide_1.18.1/plugins/com.st.stm32cube.ide.mcu.externaltools.gnu-tools-for-stm32.13.3.rel1.linux64_1.0.0.202410170706/tools/bin/../lib/gcc/arm-none-eabi/13.3.1/../../../../arm-none-eabi/lib/thumb/v7e-m+fp/hard/libc_nano.a(libc_a-impure.o)
                0x20000414                _impure_data
 *(.RamFunc)
 *(.RamFunc*)
                0x20000460                        . = ALIGN (0x4)
                0x20000460                        _edata = .
                0x0802ad80                        _siccmram = LOADADDR (.ccmram)

.igot.plt       0x20000460        0x0 load address 0x0802ad80
 .igot.plt      0x20000460        0x0 /opt/st/stm32cubeide_1.18.1/plugins/com.st.stm32cube.ide.mcu.externaltools.gnu-tools-for-stm32.13.3.rel1.linux64_1.0.0.202410170706/tools/bin/../lib/gcc/arm-none-eabi/13.3.1/thumb/v7e-m+fp/hard/crtbegin.o

.ccmram         0x10000000        0x0 load address 0x0802ad80
                0x10000000                        . = ALIGN (0x4)
                0x10000000                        _sccmram = .
 *(.ccmram)
 *(.ccmram*)
                0x10000000                        . = ALIGN (0x4)
                0x10000000                        _eccmram = .
                0x10000000                        . = ALIGN (0x4)

.bss            0x20000460     0xaed8
                0x20000460                        _sbss = .
                0x20000460                        __bss_start__ = _sbss
 *(.bss)
 .bss           0x20000460       0x1c /opt/st/stm32cubeide_1.18.1/plugins/com.st.stm32cube.ide.mcu.externaltools.gnu-tools-for-stm32.13.3.rel1.linux64_1.0.0.202410170706/tools/bin/../lib/gcc/arm-none-eabi/13.3.1/thumb/v7e-m+fp/hard/crtbegin.o
 *(.bss*)
 .bss.hcrc      0x2000047c        0x8 ./Core/Src/main.o
                0x2000047c                hcrc
 .bss.hi2s2     0x20000484       0x48 ./Core/Src/main.o
                0x20000484                hi2s2
 .bss.hdma_spi2_rx
                0x200004cc       0x60 ./Core/Src/main.o
                0x200004cc                hdma_spi2_rx
 .bss.hspi1     0x2000052c       0x58 ./Core/Src/main.o
                0x2000052c                hspi1
 .bss.AudioCaptureHandle
                0x20000584        0x4 ./Core/Src/main.o
                0x20000584                AudioCaptureHandle
 .bss.FFTProcessingHandle
                0x20000588        0x4 ./Core/Src/main.o
                0x20000588                FFTProcessingHandle
 .bss.DisplayOutputHandle
                0x2000058c        0x4 ./Core/Src/main.o
                0x2000058c                DisplayOutputHandle
 .bss.NormalizedMutexHandle
                0x20000590        0x4 ./Core/Src/main.o
                0x20000590                NormalizedMutexHandle
 .bss.FFTMagMutexHandle
                0x20000594        0x4 ./Core/Src/main.o
                0x20000594                FFTMagMutexHandle
 .bss.AudioCallbackReadyHandle
                0x20000598        0x4 ./Core/Src/main.o
                0x20000598                AudioCallbackReadyHandle
 .bss.FFTReadyHandle
                0x2000059c        0x4 ./Core/Src/main.o
                0x2000059c                FFTReadyHandle
 .bss.AudioBuffReadyHandle
                0x200005a0        0x4 ./Core/Src/main.o
                0x200005a0                AudioBuffReadyHandle
 .bss.fft_audio_instance
                0x200005a4       0x18 ./Core/Src/main.o
                0x200005a4                fft_audio_instance
 .bss.rx_buff   0x200005bc      0x100 ./Core/Src/main.o
                0x200005bc                rx_buff
 .bss.normalized_buff
                0x200006bc     0x1000 ./Core/Src/main.o
                0x200006bc                normalized_buff
 .bss.hann_table
                0x200016bc     0x1000 ./Core/Src/main.o
                0x200016bc                hann_table
 .bss.fft_mag_buff
                0x200026bc      0x804 ./Core/Src/main.o
                0x200026bc                fft_mag_buff
 .bss.pdm_swap_buff.6
                0x20002ec0       0x80 ./Core/Src/main.o
 .bss.fft_out_buff.5
                0x20002f40     0x1008 ./Core/Src/main.o
 .bss.dec_buff.4
                0x20003f48       0x20 ./Core/Src/main.o
 .bss.pcm_buff.3
                0x20003f68      0x800 ./Core/Src/main.o
 .bss.windowed_buff.2
                0x20004768     0x1000 ./Core/Src/main.o
 .bss.fft_db_buff.1
                0x20005768      0x804 ./Core/Src/main.o
 .bss.fft_prev_db_buff.0
                0x20005f6c      0x804 ./Core/Src/main.o
 .bss.htim5     0x20006770       0x48 ./Core/Src/stm32f4xx_hal_timebase_tim.o
                0x20006770                htim5
 .bss.uwTick    0x200067b8        0x4 ./Drivers/STM32F4xx_HAL_Driver/Src/stm32f4xx_hal.o
                0x200067b8                uwTick
 .bss.KernelState
                0x200067bc        0x4 ./Middlewares/Third_Party/FreeRTOS/Source/CMSIS_RTOS_V2/cmsis_os2.o
 .bss.Idle_TCB.3
                0x200067c0       0xa8 ./Middlewares/Third_Party/FreeRTOS/Source/CMSIS_RTOS_V2/cmsis_os2.o
 .bss.Idle_Stack.2
                0x20006868      0x200 ./Middlewares/Third_Party/FreeRTOS/Source/CMSIS_RTOS_V2/cmsis_os2.o
 .bss.Timer_TCB.1
                0x20006a68       0xa8 ./Middlewares/Third_Party/FreeRTOS/Source/CMSIS_RTOS_V2/cmsis_os2.o
 .bss.Timer_Stack.0
                0x20006b10      0x400 ./Middlewares/Third_Party/FreeRTOS/Source/CMSIS_RTOS_V2/cmsis_os2.o
 .bss.xQueueRegistry
                0x20006f10       0x40 ./Middlewares/Third_Party/FreeRTOS/Source/queue.o
                0x20006f10                xQueueRegistry
 .bss.pxCurrentTCB
                0x20006f50        0x4 ./Middlewares/Third_Party/FreeRTOS/Source/tasks.o
                0x20006f50                pxCurrentTCB
 .bss.pxReadyTasksLists
                0x20006f54      0x460 ./Middlewares/Third_Party/FreeRTOS/Source/tasks.o
 .bss.xDelayedTaskList1
                0x200073b4       0x14 ./Middlewares/Third_Party/FreeRTOS/Source/tasks.o
 .bss.xDelayedTaskList2
                0x200073c8       0x14 ./Middlewares/Third_Party/FreeRTOS/Source/tasks.o
 .bss.pxDelayedTaskList
                0x200073dc        0x4 ./Middlewares/Third_Party/FreeRTOS/Source/tasks.o
 .bss.pxOverflowDelayedTaskList
                0x200073e0        0x4 ./Middlewares/Third_Party/FreeRTOS/Source/tasks.o
 .bss.xPendingReadyList
                0x200073e4       0x14 ./Middlewares/Third_Party/FreeRTOS/Source/tasks.o
 .bss.xTasksWaitingTermination
                0x200073f8       0x14 ./Middlewares/Third_Party/FreeRTOS/Source/tasks.o
 .bss.uxDeletedTasksWaitingCleanUp
                0x2000740c        0x4 ./Middlewares/Third_Party/FreeRTOS/Source/tasks.o
 .bss.xSuspendedTaskList
                0x20007410       0x14 ./Middlewares/Third_Party/FreeRTOS/Source/tasks.o
 .bss.uxCurrentNumberOfTasks
                0x20007424        0x4 ./Middlewares/Third_Party/FreeRTOS/Source/tasks.o
 .bss.xTickCount
                0x20007428        0x4 ./Middlewares/Third_Party/FreeRTOS/Source/tasks.o
 .bss.uxTopReadyPriority
                0x2000742c        0x4 ./Middlewares/Third_Party/FreeRTOS/Source/tasks.o
 .bss.xSchedulerRunning
                0x20007430        0x4 ./Middlewares/Third_Party/FreeRTOS/Source/tasks.o
 .bss.xPendedTicks
                0x20007434        0x4 ./Middlewares/Third_Party/FreeRTOS/Source/tasks.o
 .bss.xYieldPending
                0x20007438        0x4 ./Middlewares/Third_Party/FreeRTOS/Source/tasks.o
 .bss.xNumOfOverflows
                0x2000743c        0x4 ./Middlewares/Third_Party/FreeRTOS/Source/tasks.o
 .bss.uxTaskNumber
                0x20007440        0x4 ./Middlewares/Third_Party/FreeRTOS/Source/tasks.o
 .bss.xNextTaskUnblockTime
                0x20007444        0x4 ./Middlewares/Third_Party/FreeRTOS/Source/tasks.o
 .bss.xIdleTaskHandle
                0x20007448        0x4 ./Middlewares/Third_Party/FreeRTOS/Source/tasks.o
 .bss.uxSchedulerSuspended
                0x2000744c        0x4 ./Middlewares/Third_Party/FreeRTOS/Source/tasks.o
 .bss.xActiveTimerList1
                0x20007450       0x14 ./Middlewares/Third_Party/FreeRTOS/Source/timers.o
 .bss.xActiveTimerList2
                0x20007464       0x14 ./Middlewares/Third_Party/FreeRTOS/Source/timers.o
 .bss.pxCurrentTimerList
                0x20007478        0x4 ./Middlewares/Third_Party/FreeRTOS/Source/timers.o
 .bss.pxOverflowTimerList
                0x2000747c        0x4 ./Middlewares/Third_Party/FreeRTOS/Source/timers.o
 .bss.xTimerQueue
                0x20007480        0x4 ./Middlewares/Third_Party/FreeRTOS/Source/timers.o
 .bss.xTimerTaskHandle
                0x20007484        0x4 ./Middlewares/Third_Party/FreeRTOS/Source/timers.o
 .bss.xLastTime.2
                0x20007488        0x4 ./Middlewares/Third_Party/FreeRTOS/Source/timers.o
 .bss.ucStaticTimerQueueStorage.1
                0x2000748c       0xa0 ./Middlewares/Third_Party/FreeRTOS/Source/timers.o
 .bss.xStaticTimerQueue.0
                0x2000752c       0x50 ./Middlewares/Third_Party/FreeRTOS/Source/timers.o
 .bss.ucMaxSysCallPriority
                0x2000757c        0x1 ./Middlewares/Third_Party/FreeRTOS/Source/portable/GCC/ARM_CM4F/port.o
 *fill*         0x2000757d        0x3 
 .bss.ulMaxPRIGROUPValue
                0x20007580        0x4 ./Middlewares/Third_Party/FreeRTOS/Source/portable/GCC/ARM_CM4F/port.o
 .bss.ucHeap    0x20007584     0x3c00 ./Middlewares/Third_Party/FreeRTOS/Source/portable/MemMang/heap_4.o
 .bss.xStart    0x2000b184        0x8 ./Middlewares/Third_Party/FreeRTOS/Source/portable/MemMang/heap_4.o
 .bss.pxEnd     0x2000b18c        0x4 ./Middlewares/Third_Party/FreeRTOS/Source/portable/MemMang/heap_4.o
 .bss.xFreeBytesRemaining
                0x2000b190        0x4 ./Middlewares/Third_Party/FreeRTOS/Source/portable/MemMang/heap_4.o
 .bss.xMinimumEverFreeBytesRemaining
                0x2000b194        0x4 ./Middlewares/Third_Party/FreeRTOS/Source/portable/MemMang/heap_4.o