../Core/Src/main.c:166:5:main	8	static
../Core/Src/main.c:286:6:SystemClock_Config	88	static
../Core/Src/main.c:332:13:MX_CRC_Init	8	static
../Core/Src/main.c:359:13:MX_I2S2_Init	8	static
../Core/Src/main.c:393:13:MX_SPI1_Init	8	static
../Core/Src/main.c:429:13:MX_DMA_Init	16	static
../Core/Src/main.c:447:13:MX_GPIO_Init	48	static
../Core/Src/main.c:509:6:HAL_I2S_RxHalfCpltCallback	16	static
../Core/Src/main.c:516:6:HAL_I2S_RxCpltCallback	16	static
../Core/Src/main.c:523:6:init_hann_window	24	static
../Core/Src/main.c:530:6:pdm_to_pcm	32	static
../Core/Src/main.c:546:6:normalize_buff	40	static
../Core/Src/main.c:560:6:apply_hann_window	32	static
../Core/Src/main.c:568:6:fft_compute	16	static
../Core/Src/main.c:585:6:AudioCaptureTask	32	static
../Core/Src/main.c:637:6:FFTProcessingTask	16	static
../Core/Src/main.c:669:6:DisplayOutputTask	40	static
../Core/Src/main.c:709:6:HAL_TIM_PeriodElapsedCallback	16	static
../Core/Src/main.c:727:6:Error_Handler	4	static,ignoring_inline_asm
